{
    "-profile test": {
        "content": [
            {
                "AMPLICON_SORTER": {
                    "amplicon_sorter": "2025-10-09T00:00:00+0000",
                    "biopython": 1.85,
                    "edlib": "1.3.9.post1",
                    "matplotlib": "3.10.3",
                    "python": "3.13.3"
                },
                "ASSIGN_TAXONOMY": {
                    "R": "4.3.2",
                    "argparse": "2.2.5",
                    "dplyr": "1.1.4",
                    "stringr": "1.5.1",
                    "taxonomizr": "0.11.1",
                    "tidyr": "1.3.1"
                },
                "BLAST_BLASTN": {
                    "blastn": "2.17.0+"
                },
                "BLAST_MAKEBLASTDB": {
                    "makeblastdb": "2.17.0+"
                },
                "COMMUNITY_MATRIX": {
                    "argparse": "2.3.1",
                    "dplyr": "1.2.1",
                    "tidyr": "1.3.2",
                    "vegan": "2.7.5"
                },
                "CUTADAPT_F": {
                    "cutadapt": 5.2
                },
                "CUTADAPT_R": {
                    "cutadapt": 5.2
                },
                "FIND_CONCATENATE": {
                    "coreutils": 9.4,
                    "find": "4.6.0",
                    "pigz": 2.8
                },
                "GUNZIP": {
                    "gunzip": 1.13
                },
                "MEDAKA": {
                    "medaka": "1.4.4"
                },
                "NANOFILT": {
                    "nanofilt": "2.8.0"
                },
                "NANOPLOT": {
                    "nanoplot": "1.46.1"
                },
                "PLOT_TAXONOMY": {
                    "R": "4.5.3",
                    "r-argparse": "2.3.1",
                    "r-dplyr": "1.2.1",
                    "r-ggplot2": "4.0.3",
                    "r-tidyr": "1.3.2"
                },
                "SEQKIT_AMPLICONS": {
                    "seqkit": "2.9.0"
                },
                "SEQKIT_CONSENSUS": {
                    "seqkit": "2.9.0"
                },
                "SEQKIT_REPLACE": {
                    "seqkit": "2.9.0"
                },
                "Workflow": {
                    "nf-core/nanoporemetabarcoding": "v1.0.0dev"
                }
            },
            [
                "assign_taxa",
                "assign_taxa/test",
                "assign_taxa/test/ASV_table_final.csv",
                "assign_taxa/test2",
                "assign_taxa/test2/ASV_table_final.csv",
                "blast",
                "blast/test.txt",
                "blast/test2.txt",
                "multiqc",
                "multiqc/multiqc_data",
                "multiqc/multiqc_data/llms-full.txt",
                "multiqc/multiqc_data/multiqc.log",
                "multiqc/multiqc_data/multiqc.parquet",
                "multiqc/multiqc_data/multiqc_citations.txt",
                "multiqc/multiqc_data/multiqc_data.json",
                "multiqc/multiqc_data/multiqc_general_stats.txt",
                "multiqc/multiqc_data/multiqc_nanostat.txt",
                "multiqc/multiqc_data/multiqc_software_versions.txt",
                "multiqc/multiqc_data/multiqc_sources.txt",
                "multiqc/multiqc_data/nanostat_fastq_stats_table.txt",
                "multiqc/multiqc_data/nanostat_quality_dist.txt",
                "multiqc/multiqc_plots",
                "multiqc/multiqc_plots/pdf",
                "multiqc/multiqc_plots/png",
                "multiqc/multiqc_plots/svg",
                "multiqc/multiqc_report.html",
                "nanoplot",
                "nanoplot/demultiplexed",
                "nanoplot/demultiplexed/test",
                "nanoplot/demultiplexed/test/filt_test",
                "nanoplot/demultiplexed/test/filt_test/LengthvsQualityScatterPlot_dot.html",
                "nanoplot/demultiplexed/test/filt_test/LengthvsQualityScatterPlot_kde.html",
                "nanoplot/demultiplexed/test/filt_test/NanoPlot-report.html",
                "nanoplot/demultiplexed/test/filt_test/NanoStats.txt",
                "nanoplot/demultiplexed/test/filt_test/Non_weightedHistogramReadlength.html",
                "nanoplot/demultiplexed/test/filt_test/Non_weightedLogTransformed_HistogramReadlength.html",
                "nanoplot/demultiplexed/test/filt_test/WeightedHistogramReadlength.html",
                "nanoplot/demultiplexed/test/filt_test/WeightedLogTransformed_HistogramReadlength.html",
                "nanoplot/demultiplexed/test/filt_test/Yield_By_Length.html",
                "nanoplot/demultiplexed/test/filt_test/versions.yml",
                "nanoplot/demultiplexed/test/raw_test",
                "nanoplot/demultiplexed/test/raw_test/LengthvsQualityScatterPlot_dot.html",
                "nanoplot/demultiplexed/test/raw_test/LengthvsQualityScatterPlot_kde.html",
                "nanoplot/demultiplexed/test/raw_test/NanoPlot-report.html",
                "nanoplot/demultiplexed/test/raw_test/NanoStats.txt",
                "nanoplot/demultiplexed/test/raw_test/Non_weightedHistogramReadlength.html",
                "nanoplot/demultiplexed/test/raw_test/Non_weightedLogTransformed_HistogramReadlength.html",
                "nanoplot/demultiplexed/test/raw_test/WeightedHistogramReadlength.html",
                "nanoplot/demultiplexed/test/raw_test/WeightedLogTransformed_HistogramReadlength.html",
                "nanoplot/demultiplexed/test/raw_test/Yield_By_Length.html",
                "nanoplot/demultiplexed/test/raw_test/versions.yml",
                "nanoplot/demultiplexed/test/sample1",
                "nanoplot/demultiplexed/test/sample1/LengthvsQualityScatterPlot_dot.html",
                "nanoplot/demultiplexed/test/sample1/LengthvsQualityScatterPlot_kde.html",
                "nanoplot/demultiplexed/test/sample1/NanoPlot-report.html",
                "nanoplot/demultiplexed/test/sample1/NanoStats.txt",
                "nanoplot/demultiplexed/test/sample1/Non_weightedHistogramReadlength.html",
                "nanoplot/demultiplexed/test/sample1/Non_weightedLogTransformed_HistogramReadlength.html",
                "nanoplot/demultiplexed/test/sample1/WeightedHistogramReadlength.html",
                "nanoplot/demultiplexed/test/sample1/WeightedLogTransformed_HistogramReadlength.html",
                "nanoplot/demultiplexed/test/sample1/Yield_By_Length.html",
                "nanoplot/demultiplexed/test/sample1/versions.yml",
                "nanoplot/demultiplexed/test/sample2",
                "nanoplot/demultiplexed/test/sample2/LengthvsQualityScatterPlot_dot.html",
                "nanoplot/demultiplexed/test/sample2/LengthvsQualityScatterPlot_kde.html",
                "nanoplot/demultiplexed/test/sample2/NanoPlot-report.html",
                "nanoplot/demultiplexed/test/sample2/NanoStats.txt",
                "nanoplot/demultiplexed/test/sample2/Non_weightedHistogramReadlength.html",
                "nanoplot/demultiplexed/test/sample2/Non_weightedLogTransformed_HistogramReadlength.html",
                "nanoplot/demultiplexed/test/sample2/WeightedHistogramReadlength.html",
                "nanoplot/demultiplexed/test/sample2/WeightedLogTransformed_HistogramReadlength.html",
                "nanoplot/demultiplexed/test/sample2/Yield_By_Length.html",
                "nanoplot/demultiplexed/test/sample2/versions.yml",
                "nanoplot/demultiplexed/test/sample3",
                "nanoplot/demultiplexed/test/sample3/LengthvsQualityScatterPlot_dot.html",
                "nanoplot/demultiplexed/test/sample3/LengthvsQualityScatterPlot_kde.html",
                "nanoplot/demultiplexed/test/sample3/NanoPlot-report.html",
                "nanoplot/demultiplexed/test/sample3/NanoStats.txt",
                "nanoplot/demultiplexed/test/sample3/Non_weightedHistogramReadlength.html",
                "nanoplot/demultiplexed/test/sample3/Non_weightedLogTransformed_HistogramReadlength.html",
                "nanoplot/demultiplexed/test/sample3/WeightedHistogramReadlength.html",
                "nanoplot/demultiplexed/test/sample3/WeightedLogTransformed_HistogramReadlength.html",
                "nanoplot/demultiplexed/test/sample3/Yield_By_Length.html",
                "nanoplot/demultiplexed/test/sample3/versions.yml",
                "nanoplot/demultiplexed/test/sample4",
                "nanoplot/demultiplexed/test/sample4/LengthvsQualityScatterPlot_dot.html",
                "nanoplot/demultiplexed/test/sample4/LengthvsQualityScatterPlot_kde.html",
                "nanoplot/demultiplexed/test/sample4/NanoPlot-report.html",
                "nanoplot/demultiplexed/test/sample4/NanoStats.txt",
                "nanoplot/demultiplexed/test/sample4/Non_weightedHistogramReadlength.html",
                "nanoplot/demultiplexed/test/sample4/Non_weightedLogTransformed_HistogramReadlength.html",
                "nanoplot/demultiplexed/test/sample4/WeightedHistogramReadlength.html",
                "nanoplot/demultiplexed/test/sample4/WeightedLogTransformed_HistogramReadlength.html",
                "nanoplot/demultiplexed/test/sample4/Yield_By_Length.html",
                "nanoplot/demultiplexed/test/sample4/versions.yml",
                "nanoplot/demultiplexed/test/sample5",
                "nanoplot/demultiplexed/test/sample5/LengthvsQualityScatterPlot_dot.html",
                "nanoplot/demultiplexed/test/sample5/LengthvsQualityScatterPlot_kde.html",
                "nanoplot/demultiplexed/test/sample5/NanoPlot-report.html",
                "nanoplot/demultiplexed/test/sample5/NanoStats.txt",
                "nanoplot/demultiplexed/test/sample5/Non_weightedHistogramReadlength.html",
                "nanoplot/demultiplexed/test/sample5/Non_weightedLogTransformed_HistogramReadlength.html",
                "nanoplot/demultiplexed/test/sample5/WeightedHistogramReadlength.html",
                "nanoplot/demultiplexed/test/sample5/WeightedLogTransformed_HistogramReadlength.html",
                "nanoplot/demultiplexed/test/sample5/Yield_By_Length.html",
                "nanoplot/demultiplexed/test/sample5/versions.yml",
                "nanoplot/demultiplexed/test/sample6",
                "nanoplot/demultiplexed/test/sample6/LengthvsQualityScatterPlot_dot.html",
                "nanoplot/demultiplexed/test/sample6/LengthvsQualityScatterPlot_kde.html",
                "nanoplot/demultiplexed/test/sample6/NanoPlot-report.html",
                "nanoplot/demultiplexed/test/sample6/NanoStats.txt",
                "nanoplot/demultiplexed/test/sample6/Non_weightedHistogramReadlength.html",
                "nanoplot/demultiplexed/test/sample6/Non_weightedLogTransformed_HistogramReadlength.html",
                "nanoplot/demultiplexed/test/sample6/WeightedHistogramReadlength.html",
                "nanoplot/demultiplexed/test/sample6/WeightedLogTransformed_HistogramReadlength.html",
                "nanoplot/demultiplexed/test/sample6/Yield_By_Length.html",
                "nanoplot/demultiplexed/test/sample6/versions.yml",
                "nanoplot/demultiplexed/test/sample7",
                "nanoplot/demultiplexed/test/sample7/LengthvsQualityScatterPlot_dot.html",
                "nanoplot/demultiplexed/test/sample7/LengthvsQualityScatterPlot_kde.html",
                "nanoplot/demultiplexed/test/sample7/NanoPlot-report.html",
                "nanoplot/demultiplexed/test/sample7/NanoStats.txt",
                "nanoplot/demultiplexed/test/sample7/Non_weightedHistogramReadlength.html",
                "nanoplot/demultiplexed/test/sample7/Non_weightedLogTransformed_HistogramReadlength.html",
                "nanoplot/demultiplexed/test/sample7/WeightedHistogramReadlength.html",
                "nanoplot/demultiplexed/test/sample7/WeightedLogTransformed_HistogramReadlength.html",
                "nanoplot/demultiplexed/test/sample7/Yield_By_Length.html",
                "nanoplot/demultiplexed/test/sample7/versions.yml",
                "nanoplot/demultiplexed/test2",
                "nanoplot/demultiplexed/test2/filt_test2",
                "nanoplot/demultiplexed/test2/filt_test2/LengthvsQualityScatterPlot_dot.html",
                "nanoplot/demultiplexed/test2/filt_test2/LengthvsQualityScatterPlot_kde.html",
                "nanoplot/demultiplexed/test2/filt_test2/NanoPlot-report.html",
                "nanoplot/demultiplexed/test2/filt_test2/NanoStats.txt",
                "nanoplot/demultiplexed/test2/filt_test2/Non_weightedHistogramReadlength.html",
                "nanoplot/demultiplexed/test2/filt_test2/Non_weightedLogTransformed_HistogramReadlength.html",
                "nanoplot/demultiplexed/test2/filt_test2/WeightedHistogramReadlength.html",
                "nanoplot/demultiplexed/test2/filt_test2/WeightedLogTransformed_HistogramReadlength.html",
                "nanoplot/demultiplexed/test2/filt_test2/Yield_By_Length.html",
                "nanoplot/demultiplexed/test2/filt_test2/versions.yml",
                "nanoplot/demultiplexed/test2/raw_test2",
                "nanoplot/demultiplexed/test2/raw_test2/LengthvsQualityScatterPlot_dot.html",
                "nanoplot/demultiplexed/test2/raw_test2/LengthvsQualityScatterPlot_kde.html",
                "nanoplot/demultiplexed/test2/raw_test2/NanoPlot-report.html",
                "nanoplot/demultiplexed/test2/raw_test2/NanoStats.txt",
                "nanoplot/demultiplexed/test2/raw_test2/Non_weightedHistogramReadlength.html",
                "nanoplot/demultiplexed/test2/raw_test2/Non_weightedLogTransformed_HistogramReadlength.html",
                "nanoplot/demultiplexed/test2/raw_test2/WeightedHistogramReadlength.html",
                "nanoplot/demultiplexed/test2/raw_test2/WeightedLogTransformed_HistogramReadlength.html",
                "nanoplot/demultiplexed/test2/raw_test2/Yield_By_Length.html",
                "nanoplot/demultiplexed/test2/raw_test2/versions.yml",
                "nanoplot/demultiplexed/test2/sample1",
                "nanoplot/demultiplexed/test2/sample1/LengthvsQualityScatterPlot_dot.html",
                "nanoplot/demultiplexed/test2/sample1/LengthvsQualityScatterPlot_kde.html",
                "nanoplot/demultiplexed/test2/sample1/NanoPlot-report.html",
                "nanoplot/demultiplexed/test2/sample1/NanoStats.txt",
                "nanoplot/demultiplexed/test2/sample1/Non_weightedHistogramReadlength.html",
                "nanoplot/demultiplexed/test2/sample1/Non_weightedLogTransformed_HistogramReadlength.html",
                "nanoplot/demultiplexed/test2/sample1/WeightedHistogramReadlength.html",
                "nanoplot/demultiplexed/test2/sample1/WeightedLogTransformed_HistogramReadlength.html",
                "nanoplot/demultiplexed/test2/sample1/Yield_By_Length.html",
                "nanoplot/demultiplexed/test2/sample1/versions.yml",
                "nanoplot/demultiplexed/test2/sample2",
                "nanoplot/demultiplexed/test2/sample2/LengthvsQualityScatterPlot_dot.html",
                "nanoplot/demultiplexed/test2/sample2/LengthvsQualityScatterPlot_kde.html",
                "nanoplot/demultiplexed/test2/sample2/NanoPlot-report.html",
                "nanoplot/demultiplexed/test2/sample2/NanoStats.txt",
                "nanoplot/demultiplexed/test2/sample2/Non_weightedHistogramReadlength.html",
                "nanoplot/demultiplexed/test2/sample2/Non_weightedLogTransformed_HistogramReadlength.html",
                "nanoplot/demultiplexed/test2/sample2/WeightedHistogramReadlength.html",
                "nanoplot/demultiplexed/test2/sample2/WeightedLogTransformed_HistogramReadlength.html",
                "nanoplot/demultiplexed/test2/sample2/Yield_By_Length.html",
                "nanoplot/demultiplexed/test2/sample2/versions.yml",
                "nanoplot/demultiplexed/test2/sample3",
                "nanoplot/demultiplexed/test2/sample3/LengthvsQualityScatterPlot_dot.html",
                "nanoplot/demultiplexed/test2/sample3/LengthvsQualityScatterPlot_kde.html",
                "nanoplot/demultiplexed/test2/sample3/NanoPlot-report.html",
                "nanoplot/demultiplexed/test2/sample3/NanoStats.txt",
                "nanoplot/demultiplexed/test2/sample3/Non_weightedHistogramReadlength.html",
                "nanoplot/demultiplexed/test2/sample3/Non_weightedLogTransformed_HistogramReadlength.html",
                "nanoplot/demultiplexed/test2/sample3/WeightedHistogramReadlength.html",
                "nanoplot/demultiplexed/test2/sample3/WeightedLogTransformed_HistogramReadlength.html",
                "nanoplot/demultiplexed/test2/sample3/Yield_By_Length.html",
                "nanoplot/demultiplexed/test2/sample3/versions.yml",
                "nanoplot/demultiplexed/test2/sample4",
                "nanoplot/demultiplexed/test2/sample4/LengthvsQualityScatterPlot_dot.html",
                "nanoplot/demultiplexed/test2/sample4/LengthvsQualityScatterPlot_kde.html",
                "nanoplot/demultiplexed/test2/sample4/NanoPlot-report.html",
                "nanoplot/demultiplexed/test2/sample4/NanoStats.txt",
                "nanoplot/demultiplexed/test2/sample4/Non_weightedHistogramReadlength.html",
                "nanoplot/demultiplexed/test2/sample4/Non_weightedLogTransformed_HistogramReadlength.html",
                "nanoplot/demultiplexed/test2/sample4/WeightedHistogramReadlength.html",
                "nanoplot/demultiplexed/test2/sample4/WeightedLogTransformed_HistogramReadlength.html",
                "nanoplot/demultiplexed/test2/sample4/Yield_By_Length.html",
                "nanoplot/demultiplexed/test2/sample4/versions.yml",
                "nanoplot/demultiplexed/test2/sample5",
                "nanoplot/demultiplexed/test2/sample5/LengthvsQualityScatterPlot_dot.html",
                "nanoplot/demultiplexed/test2/sample5/LengthvsQualityScatterPlot_kde.html",
                "nanoplot/demultiplexed/test2/sample5/NanoPlot-report.html",
                "nanoplot/demultiplexed/test2/sample5/NanoStats.txt",
                "nanoplot/demultiplexed/test2/sample5/Non_weightedHistogramReadlength.html",
                "nanoplot/demultiplexed/test2/sample5/Non_weightedLogTransformed_HistogramReadlength.html",
                "nanoplot/demultiplexed/test2/sample5/WeightedHistogramReadlength.html",
                "nanoplot/demultiplexed/test2/sample5/WeightedLogTransformed_HistogramReadlength.html",
                "nanoplot/demultiplexed/test2/sample5/Yield_By_Length.html",
                "nanoplot/demultiplexed/test2/sample5/versions.yml",
                "nanoplot/demultiplexed/test2/sample6",
                "nanoplot/demultiplexed/test2/sample6/LengthvsQualityScatterPlot_dot.html",
                "nanoplot/demultiplexed/test2/sample6/LengthvsQualityScatterPlot_kde.html",
                "nanoplot/demultiplexed/test2/sample6/NanoPlot-report.html",
                "nanoplot/demultiplexed/test2/sample6/NanoStats.txt",
                "nanoplot/demultiplexed/test2/sample6/Non_weightedHistogramReadlength.html",
                "nanoplot/demultiplexed/test2/sample6/Non_weightedLogTransformed_HistogramReadlength.html",
                "nanoplot/demultiplexed/test2/sample6/WeightedHistogramReadlength.html",
                "nanoplot/demultiplexed/test2/sample6/WeightedLogTransformed_HistogramReadlength.html",
                "nanoplot/demultiplexed/test2/sample6/Yield_By_Length.html",
                "nanoplot/demultiplexed/test2/sample6/versions.yml",
                "nanoplot/demultiplexed/test2/sample7",
                "nanoplot/demultiplexed/test2/sample7/LengthvsQualityScatterPlot_dot.html",
                "nanoplot/demultiplexed/test2/sample7/LengthvsQualityScatterPlot_kde.html",
                "nanoplot/demultiplexed/test2/sample7/NanoPlot-report.html",
                "nanoplot/demultiplexed/test2/sample7/NanoStats.txt",
                "nanoplot/demultiplexed/test2/sample7/Non_weightedHistogramReadlength.html",
                "nanoplot/demultiplexed/test2/sample7/Non_weightedLogTransformed_HistogramReadlength.html",
                "nanoplot/demultiplexed/test2/sample7/WeightedHistogramReadlength.html",
                "nanoplot/demultiplexed/test2/sample7/WeightedLogTransformed_HistogramReadlength.html",
                "nanoplot/demultiplexed/test2/sample7/Yield_By_Length.html",
                "nanoplot/demultiplexed/test2/sample7/versions.yml",
                "pipeline_info",
                "pipeline_info/nf_core_nanoporemetabarcoding_software_mqc_versions.yml",
                "plots",
                "plots/proportion",
                "plots/proportion/class_asv_per_barcode.png",
                "plots/proportion/order_asv_per_barcode.png",
                "plots/proportion/phylum_asv_per_barcode.png",
                "reads_per_step",
                "reads_per_step/reads_per_step.csv"
            ],
            [
                "ASV_table_final.csv:md5,1d92f6ab1e4d133a906f16a0a06684d3",
                "ASV_table_final.csv:md5,2ea55707970ef21b09fc5b124ccda68f",
                "test.txt:md5,c7dbbd2dca3906e6400054fb3a507280",
                "test2.txt:md5,7112ab1358ab3983c6123d1629bf2034",
                "multiqc_citations.txt:md5,613fb67692e408c8225369c2081ff8b9",
                "multiqc_general_stats.txt:md5,c2de98d49d005a3c1c0d3117f720e080",
                "multiqc_nanostat.txt:md5,7c8087e984d05c8d1cf7b7baeade7782",
                "nanostat_fastq_stats_table.txt:md5,508805b0f12f7a38055e71964ae614b5",
                "nanostat_quality_dist.txt:md5,6e9d874695351a8023bf6578b67083a2",
                "LengthvsQualityScatterPlot_dot.html:md5,9e3e98727d7f3923acad37f675641585",
                "LengthvsQualityScatterPlot_kde.html:md5,55b4b5c9a5881112ba338582eb118ec2",
                "NanoPlot-report.html:md5,0672179bd2774110b154921f3fc50967",
                "NanoStats.txt:md5,561a80276df22e04e5642090a6452779",
                "Non_weightedHistogramReadlength.html:md5,cbaddf5431c90c312028153448849923",
                "Non_weightedLogTransformed_HistogramReadlength.html:md5,e91ea43ed4a9e308e9db4acb178a94a4",
                "WeightedHistogramReadlength.html:md5,5ebfd1ef7d7c5ba7febc96459d0f8345",
                "WeightedLogTransformed_HistogramReadlength.html:md5,a22e685d67de10fcfed57b0f1592edf4",
                "Yield_By_Length.html:md5,72615d417d6af10c306a11a55a7e4b70",
                "versions.yml:md5,cf772d577a3ff905a601a3ac66f76821",
                "LengthvsQualityScatterPlot_dot.html:md5,a97b719eff75ca5a58efe95c7797823e",
                "LengthvsQualityScatterPlot_kde.html:md5,e11e992fb34e5a7296fe74a0693bf488",
                "NanoPlot-report.html:md5,2089e5f786f1aeeb1a41f5a060961ed6",
                "NanoStats.txt:md5,6b049a2ad198a6edd3282c887505911f",
                "Non_weightedHistogramReadlength.html:md5,0fc640b42d5f4d0141bc710708a9ff4b",
                "Non_weightedLogTransformed_HistogramReadlength.html:md5,82b8a4646b6ac3498c69f42f75a78558",
                "WeightedHistogramReadlength.html:md5,7bd06bdbfa994579b4105f9084797293",
                "WeightedLogTransformed_HistogramReadlength.html:md5,ad39991c8ff9bcfa1a1e375710051306",
                "Yield_By_Length.html:md5,ba3c1af1ce96ebb03fa3851f968f33d1",
                "versions.yml:md5,cf772d577a3ff905a601a3ac66f76821",
                "LengthvsQualityScatterPlot_dot.html:md5,1dff637032c37a4094a965aa5144ca61",
                "LengthvsQualityScatterPlot_kde.html:md5,8cac6b5dc12bc20c703532b9c6194633",
                "NanoPlot-report.html:md5,986a105aac3da102981c35e237622e16",
                "NanoStats.txt:md5,00a1eab63f773eee34bb1c3f3b0c7fd1",
                "Non_weightedHistogramReadlength.html:md5,53705299a8f77372b8ad2c5afd778fbd",
                "Non_weightedLogTransformed_HistogramReadlength.html:md5,6a14d7c092a576f5aad497eaf04e7a6e",
                "WeightedHistogramReadlength.html:md5,c6a2fd6a47a6479834d8d08eb21348ec",
                "WeightedLogTransformed_HistogramReadlength.html:md5,9c3f8a695f01497fe7af9654e5b09a92",
                "Yield_By_Length.html:md5,2fb2de1be3b18e781f2da770d3ef7d60",
                "versions.yml:md5,cf772d577a3ff905a601a3ac66f76821",
                "LengthvsQualityScatterPlot_dot.html:md5,7ac85cc7e9aa56be010df02214bd3bc9",
                "LengthvsQualityScatterPlot_kde.html:md5,96ea7dc3184f365f385c00b155cda60c",
                "NanoPlot-report.html:md5,112918724566abc419689dc3d9bb03dd",
                "NanoStats.txt:md5,984d64ed94dbbdbe93acea40c5347102",
                "Non_weightedHistogramReadlength.html:md5,5de2d23d8034da7157e2b529782fbbc7",
                "Non_weightedLogTransformed_HistogramReadlength.html:md5,501f91f073e5a6ec8919dc5fc5613271",
                "WeightedHistogramReadlength.html:md5,4b221f17640aac42b97957266926aea2",
                "WeightedLogTransformed_HistogramReadlength.html:md5,6e19e18ebfc9f2b0ceb3fd25ae0e9036",
                "Yield_By_Length.html:md5,4de9e677fc85f10b7c3bc6b852614335",
                "versions.yml:md5,cf772d577a3ff905a601a3ac66f76821",
                "LengthvsQualityScatterPlot_dot.html:md5,10f5ee49da5b2ef3d14d84f27d1ce09b",
                "LengthvsQualityScatterPlot_kde.html:md5,26d4c5ba5cfab25fb1db627bd7da4ecc",
                "NanoPlot-report.html:md5,ecec33040ae215131784c681e85e8393",
                "NanoStats.txt:md5,5b591a39b690d496e8000d2e738a1af7",
                "Non_weightedHistogramReadlength.html:md5,87a278800764e750ff850dde30ed7da5",
                "Non_weightedLogTransformed_HistogramReadlength.html:md5,adfd1fa506d8d951ad8fdd97036af38b",
                "WeightedHistogramReadlength.html:md5,9de04031fa93136ecb44378595b5c7d1",
                "WeightedLogTransformed_HistogramReadlength.html:md5,7b4e9a79f6a46c50fc02a0a007d38ac1",
                "Yield_By_Length.html:md5,29be2cb64d966d2aff2994fead6eaa60",
                "versions.yml:md5,cf772d577a3ff905a601a3ac66f76821",
                "LengthvsQualityScatterPlot_dot.html:md5,0f51d7ccbcbb223ebe57f2d6091cf121",
                "LengthvsQualityScatterPlot_kde.html:md5,e4371a756c5e28c5bef890c7ef4435ec",
                "NanoPlot-report.html:md5,27b9b870a8aa6d76d11568e9520c5cea",
                "NanoStats.txt:md5,b3be298d97d8f0b2e0ebb4e52d42af63",
                "Non_weightedHistogramReadlength.html:md5,87789eaafccca6addf1532e80935debf",
                "Non_weightedLogTransformed_HistogramReadlength.html:md5,5d487f96c9d8b52a98ebbcb1199f9f0c",
                "WeightedHistogramReadlength.html:md5,7fe593cbc26f119754962202145b7e18",
                "WeightedLogTransformed_HistogramReadlength.html:md5,c453954c346c9146a1b975dc00b958b7",
                "Yield_By_Length.html:md5,ade5f7d1a6e4d0856a429c4463c5df48",
                "versions.yml:md5,cf772d577a3ff905a601a3ac66f76821",
                "LengthvsQualityScatterPlot_dot.html:md5,aa32304f7b91d494c21e3f4341e2d291",
                "LengthvsQualityScatterPlot_kde.html:md5,71b9ea61294dc6a81722c7cad68d2e8e",
                "NanoPlot-report.html:md5,4c7e56ee0e58f3efdfd87fa60feb5350",
                "NanoStats.txt:md5,e7869c5ac8b2b38e0882105bd8fc2cb7",
                "Non_weightedHistogramReadlength.html:md5,9e95ac21693efa3dcc1654e1e136aeb2",
                "Non_weightedLogTransformed_HistogramReadlength.html:md5,94d8a0585cd2714e19c9f810ef1d48dc",
                "WeightedHistogramReadlength.html:md5,d8672f77b8cc3053f6ca6b12945cf19d",
                "WeightedLogTransformed_HistogramReadlength.html:md5,956f947f62673ba171015ae018aa2130",
                "Yield_By_Length.html:md5,93b8e6c793a1573d1d46b5a4d71deeed",
                "versions.yml:md5,cf772d577a3ff905a601a3ac66f76821",
                "LengthvsQualityScatterPlot_dot.html:md5,49ffbf4318d06cff759d628fd9d3a375",
                "LengthvsQualityScatterPlot_kde.html:md5,e169c5133b346523167227023567770c",
                "NanoPlot-report.html:md5,bd160fd90819ded19c7ffeb71b92bcbc",
                "NanoStats.txt:md5,d76ea47e7aa8b8ae184277723c4ed990",
                "Non_weightedHistogramReadlength.html:md5,5d5dff230103e375a26a3443ca1f1630",
                "Non_weightedLogTransformed_HistogramReadlength.html:md5,31009cd96c445a7ee6d089efa0be6c47",
                "WeightedHistogramReadlength.html:md5,cbc757b4e98e27e65137cf14b207b32f",
                "WeightedLogTransformed_HistogramReadlength.html:md5,8dc41ca7be227a22682400cb09d5a4a4",
                "Yield_By_Length.html:md5,91bf8910d27f798efe1025079475cd01",
                "versions.yml:md5,cf772d577a3ff905a601a3ac66f76821",
                "LengthvsQualityScatterPlot_dot.html:md5,34a5feee36050cebaecf8e2edace1245",
                "LengthvsQualityScatterPlot_kde.html:md5,61011178ebfbc79d22d32a27f9c36c59",
                "NanoPlot-report.html:md5,bd0b0bc1fc3ce961e5882f5deff43e71",
                "NanoStats.txt:md5,25e62f6a7204e12d92be6a4651f649bb",
                "Non_weightedHistogramReadlength.html:md5,a5034f16fc1fa0e53f511d289f004eb1",
                "Non_weightedLogTransformed_HistogramReadlength.html:md5,9bc937c77a71e72be7d06f5bfcc7a4c8",
                "WeightedHistogramReadlength.html:md5,60ff762d3856597b0f2e1c5e291dc0f0",
                "WeightedLogTransformed_HistogramReadlength.html:md5,c8b9313757c608a8e16abb0f7769e872",
                "Yield_By_Length.html:md5,83ab39ba7a566048bb48d8ada6f2e077",
                "versions.yml:md5,cf772d577a3ff905a601a3ac66f76821",
                "LengthvsQualityScatterPlot_dot.html:md5,17eec8e210e97d498264b93e08bfa8e3",
                "LengthvsQualityScatterPlot_kde.html:md5,f9dbc4ceecb4a923b1257a21edf8a478",
                "NanoPlot-report.html:md5,7d22868bdac8fc3905e58e4b6607f7b5",
                "NanoStats.txt:md5,81b88e4f883f00e7a34446917fb5ef32",
                "Non_weightedHistogramReadlength.html:md5,27da1faa054d516656f7cb18d7a9ea42",
                "Non_weightedLogTransformed_HistogramReadlength.html:md5,4310c6daa478b422354be892172d9e78",
                "WeightedHistogramReadlength.html:md5,a9fc0f7a5107bc59a3b6827baf1f2c25",
                "WeightedLogTransformed_HistogramReadlength.html:md5,9f4f013ad72f4f5efd56ee8cf45abdc2",
                "Yield_By_Length.html:md5,288f9666dd03978c24972892963740f8",
                "versions.yml:md5,cf772d577a3ff905a601a3ac66f76821",
                "LengthvsQualityScatterPlot_dot.html:md5,7aa7343660a903c454e254e2db2a9a8b",
                "LengthvsQualityScatterPlot_kde.html:md5,91ae04aef728aca3021e99cb2b65cf7a",
                "NanoPlot-report.html:md5,edad54f042a7aacb34f7f2d54968dd9b",
                "NanoStats.txt:md5,3e812d55008554ab28cbc3ecfbfcf01e",
                "Non_weightedHistogramReadlength.html:md5,0f65a0fd3711e7cf67d36c5af03cff83",
                "Non_weightedLogTransformed_HistogramReadlength.html:md5,4df2b2b9caa81286bd849c9662251c6d",
                "WeightedHistogramReadlength.html:md5,4f87f06a4a547a02ebbf34ecb9cbb8cb",
                "WeightedLogTransformed_HistogramReadlength.html:md5,570f2b1bd6abde28a2f406db3870a8fb",
                "Yield_By_Length.html:md5,8088a5b085324ae99a956d44aadf6c11",
                "versions.yml:md5,cf772d577a3ff905a601a3ac66f76821",
                "LengthvsQualityScatterPlot_dot.html:md5,3e8e2271297dff70f689fad8dc04a24b",
                "LengthvsQualityScatterPlot_kde.html:md5,7c1726606123df099309a59d4ba0b2cd",
                "NanoPlot-report.html:md5,e82d577f23fb263ea59dcbfb2dfe0f16",
                "NanoStats.txt:md5,14192a0ee5ec50ec30d5b1dffe849c68",
                "Non_weightedHistogramReadlength.html:md5,2d8429c1559b08ab9eecaf0a61dbbe8d",
                "Non_weightedLogTransformed_HistogramReadlength.html:md5,448ed9ff9bb450a6cbc4d17fa2667a66",
                "WeightedHistogramReadlength.html:md5,b2e3f897a37a46f054eaf12a4f5cdfa2",
                "WeightedLogTransformed_HistogramReadlength.html:md5,b9d21d87bb135305460a24e0661d5db6",
                "Yield_By_Length.html:md5,186cf65050501b2f183746e73e511bde",
                "versions.yml:md5,cf772d577a3ff905a601a3ac66f76821",
                "LengthvsQualityScatterPlot_dot.html:md5,3352342bc2f9c046b9485d2338b52db8",
                "LengthvsQualityScatterPlot_kde.html:md5,4dd8e33df542bdf48a6fbbe27efcf785",
                "NanoPlot-report.html:md5,91bba5e689b76f3bc76aae5e1246904a",
                "NanoStats.txt:md5,bf5544d373e3d5ad00e9266bd11eaed1",
                "Non_weightedHistogramReadlength.html:md5,46814dabaa6f307b506eee1df699bd73",
                "Non_weightedLogTransformed_HistogramReadlength.html:md5,a85787db64e2530d376fa58e65bbdd16",
                "WeightedHistogramReadlength.html:md5,3db951704e4b98915a4bd40b0d9cd394",
                "WeightedLogTransformed_HistogramReadlength.html:md5,7418d74c6e03167023db525410b9c3e6",
                "Yield_By_Length.html:md5,709a04f1e31d3e416aa36c572bd8536b",
                "versions.yml:md5,cf772d577a3ff905a601a3ac66f76821",
                "LengthvsQualityScatterPlot_dot.html:md5,674c137967318711bc79273f28f706bb",
                "LengthvsQualityScatterPlot_kde.html:md5,1699c01f91c17e44f19e171eb603a68f",
                "NanoPlot-report.html:md5,3f91ba3c3b7f2dbb56a7800ece00a43d",
                "NanoStats.txt:md5,a854b0aee1a3ad422d1d92ac068dc291",
                "Non_weightedHistogramReadlength.html:md5,c21c273302362ff4c2e184035a9abcbb",
                "Non_weightedLogTransformed_HistogramReadlength.html:md5,7bbd63eb4dcadd5f0d841b38072da850",
                "WeightedHistogramReadlength.html:md5,34c068169f91f1ad6829d00dea3dd196",
                "WeightedLogTransformed_HistogramReadlength.html:md5,83def355cf1a68e0308ad1e396d3573c",
                "Yield_By_Length.html:md5,a486edf6ff827424fcb8e50b3596c355",
                "versions.yml:md5,cf772d577a3ff905a601a3ac66f76821",
                "LengthvsQualityScatterPlot_dot.html:md5,85a7ef3f4402eecb0cefaabd58daf4d1",
                "LengthvsQualityScatterPlot_kde.html:md5,d24676464026a7b5970fa29f9254ffc1",
                "NanoPlot-report.html:md5,a6696a567e2af683af31c5a0fca018c8",
                "NanoStats.txt:md5,9c84399ffe61decb836feb835d54cf96",
                "Non_weightedHistogramReadlength.html:md5,2394d7ba018b5fd2a012caf344656b84",
                "Non_weightedLogTransformed_HistogramReadlength.html:md5,1b5e8f6fca21f296174fd749d9c4df62",
                "WeightedHistogramReadlength.html:md5,63aaf961b90a48c65fa2e9c9b536e362",
                "WeightedLogTransformed_HistogramReadlength.html:md5,9aed03fe2b11b3df45773738baf6edf7",
                "Yield_By_Length.html:md5,892f84225054570b868a2d31d2d68a67",
                "versions.yml:md5,cf772d577a3ff905a601a3ac66f76821",
                "LengthvsQualityScatterPlot_dot.html:md5,89066bc988dfa0927493c846e2c1bbaf",
                "LengthvsQualityScatterPlot_kde.html:md5,ee2f615461893ada6fb4d0e54e686886",
                "NanoPlot-report.html:md5,ac4266d5a171ae84f59a4c90b48e67ee",
                "NanoStats.txt:md5,ae3d9d9d32616700f7e88720dc16128b",
                "Non_weightedHistogramReadlength.html:md5,247a04365cfa94f9472d3f3b405e72b5",
                "Non_weightedLogTransformed_HistogramReadlength.html:md5,7494cb30c587809ad602b791e5b3bb34",
                "WeightedHistogramReadlength.html:md5,6f5203679290633bf7ae1463bbc60146",
                "WeightedLogTransformed_HistogramReadlength.html:md5,7869dbcfa76e8d6d6e5be7f653095b0e",
                "Yield_By_Length.html:md5,1f1d953e73040479aee95a3973030089",
                "versions.yml:md5,cf772d577a3ff905a601a3ac66f76821",
                "LengthvsQualityScatterPlot_dot.html:md5,bcd5dac3ae47de312b93e35078889975",
                "LengthvsQualityScatterPlot_kde.html:md5,7abb5ff7f8ce78afe2b3bd7c990ea758",
                "NanoPlot-report.html:md5,d2eb1ab99ee102af35f670ea80102c1c",
                "NanoStats.txt:md5,63ffe07cbc53e7bcb892dc4aea185818",
                "Non_weightedHistogramReadlength.html:md5,11cd887ed6bd4126d86899cc4ea788b9",
                "Non_weightedLogTransformed_HistogramReadlength.html:md5,f28f98c204e1619d0c6e814a76275f3b",
                "WeightedHistogramReadlength.html:md5,8b496a4e11f8b53e5ad37aa4cdff01db",
                "WeightedLogTransformed_HistogramReadlength.html:md5,f2c975029fc079c7afd8f130c6db9b7a",
                "Yield_By_Length.html:md5,d436a1fabfb39c2ab6cf7de17b70d831",
                "versions.yml:md5,cf772d577a3ff905a601a3ac66f76821",
                "LengthvsQualityScatterPlot_dot.html:md5,9202c79a38cda778ce3e045ba82d3955",
                "LengthvsQualityScatterPlot_kde.html:md5,7ac543ac6a8cde396b5dbd74dc63cd2b",
                "NanoPlot-report.html:md5,2619b614be8d78eb453a17dc2e3ce651",
                "NanoStats.txt:md5,5f1ed08ebdf5400e68586ea670494602",
                "Non_weightedHistogramReadlength.html:md5,1445e4ffcb6904a67a39805ae575a992",
                "Non_weightedLogTransformed_HistogramReadlength.html:md5,ac6e1ef1e57249aa7f73e711416af8e4",
                "WeightedHistogramReadlength.html:md5,40c82fda0a1c8505e8de25156a4eccba",
                "WeightedLogTransformed_HistogramReadlength.html:md5,deb11fe3f3d2d4852fd25f858c9e155c",
                "Yield_By_Length.html:md5,1e9fcd7513a94b9135a9c86f70505c5d",
                "versions.yml:md5,cf772d577a3ff905a601a3ac66f76821",
                "class_asv_per_barcode.png:md5,9b082bbaa684daafee3802e8e2de47a2",
                "order_asv_per_barcode.png:md5,594a4ce76c65da9159b29d1fc36f0472",
                "phylum_asv_per_barcode.png:md5,97c7c6dcb879bc15449dd3077a42be18",
                "reads_per_step.csv:md5,34f6e797d68f58083a64f5d8babc2372"
            ]
        ],
        "meta": {
            "nf-test": "0.9.3",
            "nextflow": "26.04.6"
        },
        "timestamp": "2026-08-25T18:36:51.424056"
    }
}