{
    "-profile test": {
        "content": [
            {
                "AMPLICON_SORTER": {
                    "amplicon_sorter": "2025-10-09T00:00:00+0000",
                    "biopython": 1.85,
                    "edlib": "1.3.9.post1",
                    "matplotlib": "3.10.3",
                    "python": "3.13.3"
                },
                "ASSIGN_TAXONOMY": {
                    "R": "4.3.2",
                    "argparse": "2.2.5",
                    "dplyr": "1.1.4",
                    "stringr": "1.5.1",
                    "taxonomizr": "0.11.1",
                    "tidyr": "1.3.1"
                },
                "BLAST_BLASTN": {
                    "blastn": "2.17.0+"
                },
                "BLAST_MAKEBLASTDB": {
                    "makeblastdb": "2.17.0+"
                },
                "COMMUNITY_MATRIX": {
                    "argparse": "2.3.1",
                    "dplyr": "1.2.1",
                    "tidyr": "1.3.2",
                    "vegan": "2.7.5"
                },
                "CUTADAPT_F": {
                    "cutadapt": 5.2
                },
                "CUTADAPT_R": {
                    "cutadapt": 5.2
                },
                "FIND_CONCATENATE": {
                    "coreutils": 9.4,
                    "find": "4.6.0",
                    "pigz": 2.8
                },
                "GUNZIP": {
                    "gunzip": 1.13
                },
                "MEDAKA": {
                    "medaka": "1.4.4"
                },
                "NANOFILT": {
                    "nanofilt": "2.8.0"
                },
                "NANOPLOT": {
                    "nanoplot": "1.46.1"
                },
                "PLOT_TAXONOMY": {
                    "R": "4.5.3",
                    "r-argparse": "2.3.1",
                    "r-dplyr": "1.2.1",
                    "r-ggplot2": "4.0.3",
                    "r-tidyr": "1.3.2"
                },
                "SEQKIT_AMPLICONS": {
                    "seqkit": "2.9.0"
                },
                "SEQKIT_CONSENSUS": {
                    "seqkit": "2.9.0"
                },
                "SEQKIT_REPLACE": {
                    "seqkit": "2.9.0"
                },
                "Workflow": {
                    "nf-core/nanoporemetabarcoding": "v1.0.0dev"
                }
            },
            [
                "assign_taxa",
                "assign_taxa/test",
                "assign_taxa/test/ASV_table_final.csv",
                "assign_taxa/test2",
                "assign_taxa/test2/ASV_table_final.csv",
                "blast",
                "blast/test.txt",
                "blast/test2.txt",
                "community_matrix",
                "community_matrix/test",
                "community_matrix/test/test_abundance.csv",
                "community_matrix/test/test_presence_absence.csv",
                "community_matrix/test2",
                "community_matrix/test2/test2_abundance.csv",
                "community_matrix/test2/test2_presence_absence.csv",
                "multiqc",
                "multiqc/multiqc_data",
                "multiqc/multiqc_data/llms-full.txt",
                "multiqc/multiqc_data/multiqc.log",
                "multiqc/multiqc_data/multiqc.parquet",
                "multiqc/multiqc_data/multiqc_citations.txt",
                "multiqc/multiqc_data/multiqc_data.json",
                "multiqc/multiqc_data/multiqc_general_stats.txt",
                "multiqc/multiqc_data/multiqc_nanostat.txt",
                "multiqc/multiqc_data/multiqc_software_versions.txt",
                "multiqc/multiqc_data/multiqc_sources.txt",
                "multiqc/multiqc_data/nanostat_fastq_stats_table.txt",
                "multiqc/multiqc_data/nanostat_quality_dist.txt",
                "multiqc/multiqc_plots",
                "multiqc/multiqc_plots/pdf",
                "multiqc/multiqc_plots/png",
                "multiqc/multiqc_plots/svg",
                "multiqc/multiqc_report.html",
                "nanoplot",
                "nanoplot/demultiplexed",
                "nanoplot/demultiplexed/test",
                "nanoplot/demultiplexed/test/filt_test",
                "nanoplot/demultiplexed/test/filt_test/LengthvsQualityScatterPlot_dot.html",
                "nanoplot/demultiplexed/test/filt_test/LengthvsQualityScatterPlot_kde.html",
                "nanoplot/demultiplexed/test/filt_test/NanoPlot-report.html",
                "nanoplot/demultiplexed/test/filt_test/NanoStats.txt",
                "nanoplot/demultiplexed/test/filt_test/Non_weightedHistogramReadlength.html",
                "nanoplot/demultiplexed/test/filt_test/Non_weightedLogTransformed_HistogramReadlength.html",
                "nanoplot/demultiplexed/test/filt_test/WeightedHistogramReadlength.html",
                "nanoplot/demultiplexed/test/filt_test/WeightedLogTransformed_HistogramReadlength.html",
                "nanoplot/demultiplexed/test/filt_test/Yield_By_Length.html",
                "nanoplot/demultiplexed/test/filt_test/versions.yml",
                "nanoplot/demultiplexed/test/raw_test",
                "nanoplot/demultiplexed/test/raw_test/LengthvsQualityScatterPlot_dot.html",
                "nanoplot/demultiplexed/test/raw_test/LengthvsQualityScatterPlot_kde.html",
                "nanoplot/demultiplexed/test/raw_test/NanoPlot-report.html",
                "nanoplot/demultiplexed/test/raw_test/NanoStats.txt",
                "nanoplot/demultiplexed/test/raw_test/Non_weightedHistogramReadlength.html",
                "nanoplot/demultiplexed/test/raw_test/Non_weightedLogTransformed_HistogramReadlength.html",
                "nanoplot/demultiplexed/test/raw_test/WeightedHistogramReadlength.html",
                "nanoplot/demultiplexed/test/raw_test/WeightedLogTransformed_HistogramReadlength.html",
                "nanoplot/demultiplexed/test/raw_test/Yield_By_Length.html",
                "nanoplot/demultiplexed/test/raw_test/versions.yml",
                "nanoplot/demultiplexed/test/sample1",
                "nanoplot/demultiplexed/test/sample1/LengthvsQualityScatterPlot_dot.html",
                "nanoplot/demultiplexed/test/sample1/LengthvsQualityScatterPlot_kde.html",
                "nanoplot/demultiplexed/test/sample1/NanoPlot-report.html",
                "nanoplot/demultiplexed/test/sample1/NanoStats.txt",
                "nanoplot/demultiplexed/test/sample1/Non_weightedHistogramReadlength.html",
                "nanoplot/demultiplexed/test/sample1/Non_weightedLogTransformed_HistogramReadlength.html",
                "nanoplot/demultiplexed/test/sample1/WeightedHistogramReadlength.html",
                "nanoplot/demultiplexed/test/sample1/WeightedLogTransformed_HistogramReadlength.html",
                "nanoplot/demultiplexed/test/sample1/Yield_By_Length.html",
                "nanoplot/demultiplexed/test/sample1/versions.yml",
                "nanoplot/demultiplexed/test/sample2",
                "nanoplot/demultiplexed/test/sample2/LengthvsQualityScatterPlot_dot.html",
                "nanoplot/demultiplexed/test/sample2/LengthvsQualityScatterPlot_kde.html",
                "nanoplot/demultiplexed/test/sample2/NanoPlot-report.html",
                "nanoplot/demultiplexed/test/sample2/NanoStats.txt",
                "nanoplot/demultiplexed/test/sample2/Non_weightedHistogramReadlength.html",
                "nanoplot/demultiplexed/test/sample2/Non_weightedLogTransformed_HistogramReadlength.html",
                "nanoplot/demultiplexed/test/sample2/WeightedHistogramReadlength.html",
                "nanoplot/demultiplexed/test/sample2/WeightedLogTransformed_HistogramReadlength.html",
                "nanoplot/demultiplexed/test/sample2/Yield_By_Length.html",
                "nanoplot/demultiplexed/test/sample2/versions.yml",
                "nanoplot/demultiplexed/test/sample3",
                "nanoplot/demultiplexed/test/sample3/LengthvsQualityScatterPlot_dot.html",
                "nanoplot/demultiplexed/test/sample3/LengthvsQualityScatterPlot_kde.html",
                "nanoplot/demultiplexed/test/sample3/NanoPlot-report.html",
                "nanoplot/demultiplexed/test/sample3/NanoStats.txt",
                "nanoplot/demultiplexed/test/sample3/Non_weightedHistogramReadlength.html",
                "nanoplot/demultiplexed/test/sample3/Non_weightedLogTransformed_HistogramReadlength.html",
                "nanoplot/demultiplexed/test/sample3/WeightedHistogramReadlength.html",
                "nanoplot/demultiplexed/test/sample3/WeightedLogTransformed_HistogramReadlength.html",
                "nanoplot/demultiplexed/test/sample3/Yield_By_Length.html",
                "nanoplot/demultiplexed/test/sample3/versions.yml",
                "nanoplot/demultiplexed/test/sample4",
                "nanoplot/demultiplexed/test/sample4/LengthvsQualityScatterPlot_dot.html",
                "nanoplot/demultiplexed/test/sample4/LengthvsQualityScatterPlot_kde.html",
                "nanoplot/demultiplexed/test/sample4/NanoPlot-report.html",
                "nanoplot/demultiplexed/test/sample4/NanoStats.txt",
                "nanoplot/demultiplexed/test/sample4/Non_weightedHistogramReadlength.html",
                "nanoplot/demultiplexed/test/sample4/Non_weightedLogTransformed_HistogramReadlength.html",
                "nanoplot/demultiplexed/test/sample4/WeightedHistogramReadlength.html",
                "nanoplot/demultiplexed/test/sample4/WeightedLogTransformed_HistogramReadlength.html",
                "nanoplot/demultiplexed/test/sample4/Yield_By_Length.html",
                "nanoplot/demultiplexed/test/sample4/versions.yml",
                "nanoplot/demultiplexed/test/sample5",
                "nanoplot/demultiplexed/test/sample5/LengthvsQualityScatterPlot_dot.html",
                "nanoplot/demultiplexed/test/sample5/LengthvsQualityScatterPlot_kde.html",
                "nanoplot/demultiplexed/test/sample5/NanoPlot-report.html",
                "nanoplot/demultiplexed/test/sample5/NanoStats.txt",
                "nanoplot/demultiplexed/test/sample5/Non_weightedHistogramReadlength.html",
                "nanoplot/demultiplexed/test/sample5/Non_weightedLogTransformed_HistogramReadlength.html",
                "nanoplot/demultiplexed/test/sample5/WeightedHistogramReadlength.html",
                "nanoplot/demultiplexed/test/sample5/WeightedLogTransformed_HistogramReadlength.html",
                "nanoplot/demultiplexed/test/sample5/Yield_By_Length.html",
                "nanoplot/demultiplexed/test/sample5/versions.yml",
                "nanoplot/demultiplexed/test/sample6",
                "nanoplot/demultiplexed/test/sample6/LengthvsQualityScatterPlot_dot.html",
                "nanoplot/demultiplexed/test/sample6/LengthvsQualityScatterPlot_kde.html",
                "nanoplot/demultiplexed/test/sample6/NanoPlot-report.html",
                "nanoplot/demultiplexed/test/sample6/NanoStats.txt",
                "nanoplot/demultiplexed/test/sample6/Non_weightedHistogramReadlength.html",
                "nanoplot/demultiplexed/test/sample6/Non_weightedLogTransformed_HistogramReadlength.html",
                "nanoplot/demultiplexed/test/sample6/WeightedHistogramReadlength.html",
                "nanoplot/demultiplexed/test/sample6/WeightedLogTransformed_HistogramReadlength.html",
                "nanoplot/demultiplexed/test/sample6/Yield_By_Length.html",
                "nanoplot/demultiplexed/test/sample6/versions.yml",
                "nanoplot/demultiplexed/test/sample7",
                "nanoplot/demultiplexed/test/sample7/LengthvsQualityScatterPlot_dot.html",
                "nanoplot/demultiplexed/test/sample7/LengthvsQualityScatterPlot_kde.html",
                "nanoplot/demultiplexed/test/sample7/NanoPlot-report.html",
                "nanoplot/demultiplexed/test/sample7/NanoStats.txt",
                "nanoplot/demultiplexed/test/sample7/Non_weightedHistogramReadlength.html",
                "nanoplot/demultiplexed/test/sample7/Non_weightedLogTransformed_HistogramReadlength.html",
                "nanoplot/demultiplexed/test/sample7/WeightedHistogramReadlength.html",
                "nanoplot/demultiplexed/test/sample7/WeightedLogTransformed_HistogramReadlength.html",
                "nanoplot/demultiplexed/test/sample7/Yield_By_Length.html",
                "nanoplot/demultiplexed/test/sample7/versions.yml",
                "nanoplot/demultiplexed/test2",
                "nanoplot/demultiplexed/test2/filt_test2",
                "nanoplot/demultiplexed/test2/filt_test2/LengthvsQualityScatterPlot_dot.html",
                "nanoplot/demultiplexed/test2/filt_test2/LengthvsQualityScatterPlot_kde.html",
                "nanoplot/demultiplexed/test2/filt_test2/NanoPlot-report.html",
                "nanoplot/demultiplexed/test2/filt_test2/NanoStats.txt",
                "nanoplot/demultiplexed/test2/filt_test2/Non_weightedHistogramReadlength.html",
                "nanoplot/demultiplexed/test2/filt_test2/Non_weightedLogTransformed_HistogramReadlength.html",
                "nanoplot/demultiplexed/test2/filt_test2/WeightedHistogramReadlength.html",
                "nanoplot/demultiplexed/test2/filt_test2/WeightedLogTransformed_HistogramReadlength.html",
                "nanoplot/demultiplexed/test2/filt_test2/Yield_By_Length.html",
                "nanoplot/demultiplexed/test2/filt_test2/versions.yml",
                "nanoplot/demultiplexed/test2/raw_test2",
                "nanoplot/demultiplexed/test2/raw_test2/LengthvsQualityScatterPlot_dot.html",
                "nanoplot/demultiplexed/test2/raw_test2/LengthvsQualityScatterPlot_kde.html",
                "nanoplot/demultiplexed/test2/raw_test2/NanoPlot-report.html",
                "nanoplot/demultiplexed/test2/raw_test2/NanoStats.txt",
                "nanoplot/demultiplexed/test2/raw_test2/Non_weightedHistogramReadlength.html",
                "nanoplot/demultiplexed/test2/raw_test2/Non_weightedLogTransformed_HistogramReadlength.html",
                "nanoplot/demultiplexed/test2/raw_test2/WeightedHistogramReadlength.html",
                "nanoplot/demultiplexed/test2/raw_test2/WeightedLogTransformed_HistogramReadlength.html",
                "nanoplot/demultiplexed/test2/raw_test2/Yield_By_Length.html",
                "nanoplot/demultiplexed/test2/raw_test2/versions.yml",
                "nanoplot/demultiplexed/test2/sample1",
                "nanoplot/demultiplexed/test2/sample1/LengthvsQualityScatterPlot_dot.html",
                "nanoplot/demultiplexed/test2/sample1/LengthvsQualityScatterPlot_kde.html",
                "nanoplot/demultiplexed/test2/sample1/NanoPlot-report.html",
                "nanoplot/demultiplexed/test2/sample1/NanoStats.txt",
                "nanoplot/demultiplexed/test2/sample1/Non_weightedHistogramReadlength.html",
                "nanoplot/demultiplexed/test2/sample1/Non_weightedLogTransformed_HistogramReadlength.html",
                "nanoplot/demultiplexed/test2/sample1/WeightedHistogramReadlength.html",
                "nanoplot/demultiplexed/test2/sample1/WeightedLogTransformed_HistogramReadlength.html",
                "nanoplot/demultiplexed/test2/sample1/Yield_By_Length.html",
                "nanoplot/demultiplexed/test2/sample1/versions.yml",
                "nanoplot/demultiplexed/test2/sample2",
                "nanoplot/demultiplexed/test2/sample2/LengthvsQualityScatterPlot_dot.html",
                "nanoplot/demultiplexed/test2/sample2/LengthvsQualityScatterPlot_kde.html",
                "nanoplot/demultiplexed/test2/sample2/NanoPlot-report.html",
                "nanoplot/demultiplexed/test2/sample2/NanoStats.txt",
                "nanoplot/demultiplexed/test2/sample2/Non_weightedHistogramReadlength.html",
                "nanoplot/demultiplexed/test2/sample2/Non_weightedLogTransformed_HistogramReadlength.html",
                "nanoplot/demultiplexed/test2/sample2/WeightedHistogramReadlength.html",
                "nanoplot/demultiplexed/test2/sample2/WeightedLogTransformed_HistogramReadlength.html",
                "nanoplot/demultiplexed/test2/sample2/Yield_By_Length.html",
                "nanoplot/demultiplexed/test2/sample2/versions.yml",
                "nanoplot/demultiplexed/test2/sample3",
                "nanoplot/demultiplexed/test2/sample3/LengthvsQualityScatterPlot_dot.html",
                "nanoplot/demultiplexed/test2/sample3/LengthvsQualityScatterPlot_kde.html",
                "nanoplot/demultiplexed/test2/sample3/NanoPlot-report.html",
                "nanoplot/demultiplexed/test2/sample3/NanoStats.txt",
                "nanoplot/demultiplexed/test2/sample3/Non_weightedHistogramReadlength.html",
                "nanoplot/demultiplexed/test2/sample3/Non_weightedLogTransformed_HistogramReadlength.html",
                "nanoplot/demultiplexed/test2/sample3/WeightedHistogramReadlength.html",
                "nanoplot/demultiplexed/test2/sample3/WeightedLogTransformed_HistogramReadlength.html",
                "nanoplot/demultiplexed/test2/sample3/Yield_By_Length.html",
                "nanoplot/demultiplexed/test2/sample3/versions.yml",
                "nanoplot/demultiplexed/test2/sample4",
                "nanoplot/demultiplexed/test2/sample4/LengthvsQualityScatterPlot_dot.html",
                "nanoplot/demultiplexed/test2/sample4/LengthvsQualityScatterPlot_kde.html",
                "nanoplot/demultiplexed/test2/sample4/NanoPlot-report.html",
                "nanoplot/demultiplexed/test2/sample4/NanoStats.txt",
                "nanoplot/demultiplexed/test2/sample4/Non_weightedHistogramReadlength.html",
                "nanoplot/demultiplexed/test2/sample4/Non_weightedLogTransformed_HistogramReadlength.html",
                "nanoplot/demultiplexed/test2/sample4/WeightedHistogramReadlength.html",
                "nanoplot/demultiplexed/test2/sample4/WeightedLogTransformed_HistogramReadlength.html",
                "nanoplot/demultiplexed/test2/sample4/Yield_By_Length.html",
                "nanoplot/demultiplexed/test2/sample4/versions.yml",
                "nanoplot/demultiplexed/test2/sample5",
                "nanoplot/demultiplexed/test2/sample5/LengthvsQualityScatterPlot_dot.html",
                "nanoplot/demultiplexed/test2/sample5/LengthvsQualityScatterPlot_kde.html",
                "nanoplot/demultiplexed/test2/sample5/NanoPlot-report.html",
                "nanoplot/demultiplexed/test2/sample5/NanoStats.txt",
                "nanoplot/demultiplexed/test2/sample5/Non_weightedHistogramReadlength.html",
                "nanoplot/demultiplexed/test2/sample5/Non_weightedLogTransformed_HistogramReadlength.html",
                "nanoplot/demultiplexed/test2/sample5/WeightedHistogramReadlength.html",
                "nanoplot/demultiplexed/test2/sample5/WeightedLogTransformed_HistogramReadlength.html",
                "nanoplot/demultiplexed/test2/sample5/Yield_By_Length.html",
                "nanoplot/demultiplexed/test2/sample5/versions.yml",
                "nanoplot/demultiplexed/test2/sample6",
                "nanoplot/demultiplexed/test2/sample6/LengthvsQualityScatterPlot_dot.html",
                "nanoplot/demultiplexed/test2/sample6/LengthvsQualityScatterPlot_kde.html",
                "nanoplot/demultiplexed/test2/sample6/NanoPlot-report.html",
                "nanoplot/demultiplexed/test2/sample6/NanoStats.txt",
                "nanoplot/demultiplexed/test2/sample6/Non_weightedHistogramReadlength.html",
                "nanoplot/demultiplexed/test2/sample6/Non_weightedLogTransformed_HistogramReadlength.html",
                "nanoplot/demultiplexed/test2/sample6/WeightedHistogramReadlength.html",
                "nanoplot/demultiplexed/test2/sample6/WeightedLogTransformed_HistogramReadlength.html",
                "nanoplot/demultiplexed/test2/sample6/Yield_By_Length.html",
                "nanoplot/demultiplexed/test2/sample6/versions.yml",
                "nanoplot/demultiplexed/test2/sample7",
                "nanoplot/demultiplexed/test2/sample7/LengthvsQualityScatterPlot_dot.html",
                "nanoplot/demultiplexed/test2/sample7/LengthvsQualityScatterPlot_kde.html",
                "nanoplot/demultiplexed/test2/sample7/NanoPlot-report.html",
                "nanoplot/demultiplexed/test2/sample7/NanoStats.txt",
                "nanoplot/demultiplexed/test2/sample7/Non_weightedHistogramReadlength.html",
                "nanoplot/demultiplexed/test2/sample7/Non_weightedLogTransformed_HistogramReadlength.html",
                "nanoplot/demultiplexed/test2/sample7/WeightedHistogramReadlength.html",
                "nanoplot/demultiplexed/test2/sample7/WeightedLogTransformed_HistogramReadlength.html",
                "nanoplot/demultiplexed/test2/sample7/Yield_By_Length.html",
                "nanoplot/demultiplexed/test2/sample7/versions.yml",
                "pipeline_info",
                "pipeline_info/nf_core_nanoporemetabarcoding_software_mqc_versions.yml",
                "plots",
                "plots/proportion",
                "plots/proportion/class_asv_per_barcode.png",
                "plots/proportion/order_asv_per_barcode.png",
                "plots/proportion/phylum_asv_per_barcode.png",
                "reads_per_step",
                "reads_per_step/reads_per_step.csv"
            ],
            [
                "ASV_table_final.csv:md5,2d58e132c3f3ca98819110ff47808782",
                "ASV_table_final.csv:md5,2ea55707970ef21b09fc5b124ccda68f",
                "test.txt:md5,cd2050696d048a2afd0407f23d04028a",
                "test2.txt:md5,7112ab1358ab3983c6123d1629bf2034",
                "test_abundance.csv:md5,d589d1cca2aa5e8d3d65818086d7c58a",
                "test_presence_absence.csv:md5,9821e4fb024ef9eee78f1b149633482e",
                "test2_abundance.csv:md5,eb3fbc298be3515a877d52414bb8cbab",
                "test2_presence_absence.csv:md5,9df3aaa7a8afa32e3a12cbd7b5488eb4",
                "multiqc_citations.txt:md5,613fb67692e408c8225369c2081ff8b9",
                "multiqc_general_stats.txt:md5,c2de98d49d005a3c1c0d3117f720e080",
                "multiqc_nanostat.txt:md5,7c8087e984d05c8d1cf7b7baeade7782",
                "nanostat_fastq_stats_table.txt:md5,508805b0f12f7a38055e71964ae614b5",
                "nanostat_quality_dist.txt:md5,6e9d874695351a8023bf6578b67083a2",
                "LengthvsQualityScatterPlot_dot.html:md5,f83a76b03759b1c1fc5efa442fea510c",
                "LengthvsQualityScatterPlot_kde.html:md5,796b62ceb14a7d6478a3d8cac911994d",
                "NanoPlot-report.html:md5,5b75fa9ddd760d08d1b34229055bc870",
                "NanoStats.txt:md5,561a80276df22e04e5642090a6452779",
                "Non_weightedHistogramReadlength.html:md5,4891de3e1c23541944802ebbc29b15e1",
                "Non_weightedLogTransformed_HistogramReadlength.html:md5,d581e30ebc55c4c273f41bc95fde53b6",
                "WeightedHistogramReadlength.html:md5,f6d7e2dff05cfeb4dd2de5f3d42054a9",
                "WeightedLogTransformed_HistogramReadlength.html:md5,6ca6ce994fda90ecb46e072a1be403ff",
                "Yield_By_Length.html:md5,0190763e416e797ef53b24ceaf3d3acd",
                "versions.yml:md5,cf772d577a3ff905a601a3ac66f76821",
                "LengthvsQualityScatterPlot_dot.html:md5,6826149d3858eea06823eedbaf484b11",
                "LengthvsQualityScatterPlot_kde.html:md5,280a3680911e849d4916c46a64838d5f",
                "NanoPlot-report.html:md5,4f58dedc10cfb3a6da7d3cf68881c2d1",
                "NanoStats.txt:md5,6b049a2ad198a6edd3282c887505911f",
                "Non_weightedHistogramReadlength.html:md5,9f0968e63c09c8e02ed3595af4b3bef2",
                "Non_weightedLogTransformed_HistogramReadlength.html:md5,696b3fbd7e91386392e6827148609733",
                "WeightedHistogramReadlength.html:md5,2f27955486d4ca8e61a7df5fbdd817ae",
                "WeightedLogTransformed_HistogramReadlength.html:md5,df53b0fdcf08858ebf1df68a24400ad0",
                "Yield_By_Length.html:md5,bdf0a068739a8eea645383fb911e14dc",
                "versions.yml:md5,cf772d577a3ff905a601a3ac66f76821",
                "LengthvsQualityScatterPlot_dot.html:md5,db653571f4f4049513407ddd407059c6",
                "LengthvsQualityScatterPlot_kde.html:md5,7fea944ac59daa544b765c81ae3bee62",
                "NanoPlot-report.html:md5,92c6fd63372cd1688c0a6557c9445131",
                "NanoStats.txt:md5,00a1eab63f773eee34bb1c3f3b0c7fd1",
                "Non_weightedHistogramReadlength.html:md5,f6eb24d5a25be0c80e05e943776a2274",
                "Non_weightedLogTransformed_HistogramReadlength.html:md5,079e4bebcc247126c13a805a334de166",
                "WeightedHistogramReadlength.html:md5,39902d6b796d904945b1732a2edd9b4c",
                "WeightedLogTransformed_HistogramReadlength.html:md5,2e164667e7ed87b1e200dae78eedd41b",
                "Yield_By_Length.html:md5,922f0462a6398262948976643f92c976",
                "versions.yml:md5,cf772d577a3ff905a601a3ac66f76821",
                "LengthvsQualityScatterPlot_dot.html:md5,fdd876027138c136399df4f6e8ee97ed",
                "LengthvsQualityScatterPlot_kde.html:md5,d77a7be41387452546f034638db99ee0",
                "NanoPlot-report.html:md5,ae61f5c11f71cdd1dc958ea9a940c1a7",
                "NanoStats.txt:md5,984d64ed94dbbdbe93acea40c5347102",
                "Non_weightedHistogramReadlength.html:md5,6619c64b51d3b538287fbc02757f7ad1",
                "Non_weightedLogTransformed_HistogramReadlength.html:md5,d3f1972609a44423c7c38765ce34fa87",
                "WeightedHistogramReadlength.html:md5,44cc2171a882a80653eb3cd11346f6a9",
                "WeightedLogTransformed_HistogramReadlength.html:md5,097b454ad1fe5ffa737ad143d10c2b51",
                "Yield_By_Length.html:md5,f0524854feb3199370708684aa5925bc",
                "versions.yml:md5,cf772d577a3ff905a601a3ac66f76821",
                "LengthvsQualityScatterPlot_dot.html:md5,9ead84ee8d3fffd2ab6f1a68c051592e",
                "LengthvsQualityScatterPlot_kde.html:md5,dadbfb2852a9f14cedbc6147e23adf39",
                "NanoPlot-report.html:md5,fc9c7014bcbf285110e5f9bb71ba5f17",
                "NanoStats.txt:md5,5b591a39b690d496e8000d2e738a1af7",
                "Non_weightedHistogramReadlength.html:md5,f2556a746014da0b1636d830cedd0775",
                "Non_weightedLogTransformed_HistogramReadlength.html:md5,849fa5cc7e98a1de0e18d687f407a08f",
                "WeightedHistogramReadlength.html:md5,7d7ddbe5a0331a4a399dbe7acda51730",
                "WeightedLogTransformed_HistogramReadlength.html:md5,d46052c25b7df12e7162b807f686d836",
                "Yield_By_Length.html:md5,f9d51a2adbe24e619d79a457fc79967e",
                "versions.yml:md5,cf772d577a3ff905a601a3ac66f76821",
                "LengthvsQualityScatterPlot_dot.html:md5,8e93ce8291dfcbcef0c4477b3db77137",
                "LengthvsQualityScatterPlot_kde.html:md5,a6b8c900f6a15f08b47757548c2f15f6",
                "NanoPlot-report.html:md5,dcc54ce3e343f94fd9ae78c3c832777a",
                "NanoStats.txt:md5,b3be298d97d8f0b2e0ebb4e52d42af63",
                "Non_weightedHistogramReadlength.html:md5,84685a1d4a7e48c93b6b5de3f8f2f37b",
                "Non_weightedLogTransformed_HistogramReadlength.html:md5,da48ff0eb2d6b3bef1191c2fd7467d1d",
                "WeightedHistogramReadlength.html:md5,85544a63e007fb8f285240e0f3c123ac",
                "WeightedLogTransformed_HistogramReadlength.html:md5,11fce7c004a4031d123769094e74c548",
                "Yield_By_Length.html:md5,1a06da107fec2f8a95d5031d8612b34d",
                "versions.yml:md5,cf772d577a3ff905a601a3ac66f76821",
                "LengthvsQualityScatterPlot_dot.html:md5,b37f7c31427003a69bb5e3f0f2f89a50",
                "LengthvsQualityScatterPlot_kde.html:md5,2194ca73bc7a657fc73feb26be6d62d6",
                "NanoPlot-report.html:md5,1c89b808362d42ee506200e8bed5e2f3",
                "NanoStats.txt:md5,e7869c5ac8b2b38e0882105bd8fc2cb7",
                "Non_weightedHistogramReadlength.html:md5,cf12b26a05962f2b1ed4fdf6988d2c43",
                "Non_weightedLogTransformed_HistogramReadlength.html:md5,3a69e89c43e8dec1e754ca54d5e6abee",
                "WeightedHistogramReadlength.html:md5,0c42515772892c54b766331be8a41bb9",
                "WeightedLogTransformed_HistogramReadlength.html:md5,8268db64dc0af90fc14080b764cbac9f",
                "Yield_By_Length.html:md5,d2c8cc798d429a2333917e3e29a09a0f",
                "versions.yml:md5,cf772d577a3ff905a601a3ac66f76821",
                "LengthvsQualityScatterPlot_dot.html:md5,9a13e280b76fb73ebf11501d6618ee5b",
                "LengthvsQualityScatterPlot_kde.html:md5,4c07f82f6b0d4f41478460875ada8052",
                "NanoPlot-report.html:md5,1b7473706dd4b3a9646c05a30fe99009",
                "NanoStats.txt:md5,d76ea47e7aa8b8ae184277723c4ed990",
                "Non_weightedHistogramReadlength.html:md5,15263173fd2bcde00addc870d3cf5113",
                "Non_weightedLogTransformed_HistogramReadlength.html:md5,449364562f8d5df628053f6dd306eff6",
                "WeightedHistogramReadlength.html:md5,5774cbcd07aea937fb0036ed0e8294f3",
                "WeightedLogTransformed_HistogramReadlength.html:md5,45a21b996dc52cf824cf774954f920a6",
                "Yield_By_Length.html:md5,829e5be9f8fba765e49884932e582156",
                "versions.yml:md5,cf772d577a3ff905a601a3ac66f76821",
                "LengthvsQualityScatterPlot_dot.html:md5,6d308d8d134d9e0448678ce03db92e00",
                "LengthvsQualityScatterPlot_kde.html:md5,f9255598ba034205f7f3769e3f361f8c",
                "NanoPlot-report.html:md5,11108b500e4ae948b1a68da6ff913ce4",
                "NanoStats.txt:md5,25e62f6a7204e12d92be6a4651f649bb",
                "Non_weightedHistogramReadlength.html:md5,8882d4e5ea5ae2915582796be544857e",
                "Non_weightedLogTransformed_HistogramReadlength.html:md5,5de0cba81f57c697fa20fad39b1d2dcc",
                "WeightedHistogramReadlength.html:md5,aab33846d05c7b2aa01511699a9c19ec",
                "WeightedLogTransformed_HistogramReadlength.html:md5,f55e52ce3da21ae9b9a2ea742960c555",
                "Yield_By_Length.html:md5,9cceb5cd175fa223243fccc7ce5a5472",
                "versions.yml:md5,cf772d577a3ff905a601a3ac66f76821",
                "LengthvsQualityScatterPlot_dot.html:md5,4c39c697324d6d04d0eda990912da28f",
                "LengthvsQualityScatterPlot_kde.html:md5,28af8553d666619afaa0030cb0691385",
                "NanoPlot-report.html:md5,8af5174cfc37fbd57aa68e3c984ffff4",
                "NanoStats.txt:md5,81b88e4f883f00e7a34446917fb5ef32",
                "Non_weightedHistogramReadlength.html:md5,2cf9ff4914f99a6fe3712321880c6bd2",
                "Non_weightedLogTransformed_HistogramReadlength.html:md5,dda40c2adb17b852bd954c27afee02ac",
                "WeightedHistogramReadlength.html:md5,4274d552d1628b1d6ec1cf4e06a740ad",
                "WeightedLogTransformed_HistogramReadlength.html:md5,6cbee6d2d71bba1732978646c240a58d",
                "Yield_By_Length.html:md5,cd26b5f7b4678f8cd7c3043c7d94002e",
                "versions.yml:md5,cf772d577a3ff905a601a3ac66f76821",
                "LengthvsQualityScatterPlot_dot.html:md5,c2a7fa59bb97af720b4a9687565e4a4e",
                "LengthvsQualityScatterPlot_kde.html:md5,71c44e292fb676b90193b98e89289950",
                "NanoPlot-report.html:md5,a6acf2f9e5fc98528093a4d4a3ffd9f1",
                "NanoStats.txt:md5,3e812d55008554ab28cbc3ecfbfcf01e",
                "Non_weightedHistogramReadlength.html:md5,482c4b1c607cc5fb8dcd975730b6583e",
                "Non_weightedLogTransformed_HistogramReadlength.html:md5,44123bd07825bae00b2cc51bac28b8a7",
                "WeightedHistogramReadlength.html:md5,f4bbc708814d4bf564386f49f7f1e423",
                "WeightedLogTransformed_HistogramReadlength.html:md5,63d45eb3ec1cdec1b473a027c792c9c0",
                "Yield_By_Length.html:md5,33fcd69098989f57164e5b7dec08264e",
                "versions.yml:md5,cf772d577a3ff905a601a3ac66f76821",
                "LengthvsQualityScatterPlot_dot.html:md5,c048c1550dd7b31cd97130548bbba62a",
                "LengthvsQualityScatterPlot_kde.html:md5,79c3debc09c38aa6148109a6ad1c9ee1",
                "NanoPlot-report.html:md5,440082ccb0b16953d321fde9522bd399",
                "NanoStats.txt:md5,14192a0ee5ec50ec30d5b1dffe849c68",
                "Non_weightedHistogramReadlength.html:md5,3267ba53ab2a50da5f5c39e0b7cb6055",
                "Non_weightedLogTransformed_HistogramReadlength.html:md5,c089ffac70023b5c80fb80e6319447a9",
                "WeightedHistogramReadlength.html:md5,9ed5666161858fb31ad39e3d46e0db7b",
                "WeightedLogTransformed_HistogramReadlength.html:md5,1169521eb2fe7f569753fb4c93248928",
                "Yield_By_Length.html:md5,147a3de7e66737c5a81a8476bd110168",
                "versions.yml:md5,cf772d577a3ff905a601a3ac66f76821",
                "LengthvsQualityScatterPlot_dot.html:md5,b957c9481000d52cb7f19dc3f74d7bbd",
                "LengthvsQualityScatterPlot_kde.html:md5,03cee25b98fcab49d1ffe90dfc8587bf",
                "NanoPlot-report.html:md5,0d73e8bc8b1714d9615f7a84c464aa65",
                "NanoStats.txt:md5,bf5544d373e3d5ad00e9266bd11eaed1",
                "Non_weightedHistogramReadlength.html:md5,55788202e3136af4e8792b5d39e01846",
                "Non_weightedLogTransformed_HistogramReadlength.html:md5,7b304b3ad02675a7b7ec1fc93adf623a",
                "WeightedHistogramReadlength.html:md5,b0b519a6e9be9124bf625edbd0763ff1",
                "WeightedLogTransformed_HistogramReadlength.html:md5,e5605651a37cf81a0e115c119b030255",
                "Yield_By_Length.html:md5,9acd77cf7b0c326d9c01a56dba86c352",
                "versions.yml:md5,cf772d577a3ff905a601a3ac66f76821",
                "LengthvsQualityScatterPlot_dot.html:md5,0ddfb063c6caecbefe8a64936d701501",
                "LengthvsQualityScatterPlot_kde.html:md5,646cd31a5133f219b05f0ea6c64ab2f3",
                "NanoPlot-report.html:md5,e700a0144e5045e7aace03a50ebc8696",
                "NanoStats.txt:md5,a854b0aee1a3ad422d1d92ac068dc291",
                "Non_weightedHistogramReadlength.html:md5,a12e202c7be5236c4c606cbe3842ee75",
                "Non_weightedLogTransformed_HistogramReadlength.html:md5,ffae07c13c61cd2250058f30f52461cb",
                "WeightedHistogramReadlength.html:md5,8ef9727ff84bd501317ee5c064450bb0",
                "WeightedLogTransformed_HistogramReadlength.html:md5,146cf37c4ac95674aa7b90700573ecc5",
                "Yield_By_Length.html:md5,8471a03b2514e9167088161d687b6945",
                "versions.yml:md5,cf772d577a3ff905a601a3ac66f76821",
                "LengthvsQualityScatterPlot_dot.html:md5,2fdd894a5a1b42f6d82a72f35bfa0e4f",
                "LengthvsQualityScatterPlot_kde.html:md5,9ce1ab35153fe7b0668575814c70579e",
                "NanoPlot-report.html:md5,b956f1bf7e2e33a35629737b63de754a",
                "NanoStats.txt:md5,9c84399ffe61decb836feb835d54cf96",
                "Non_weightedHistogramReadlength.html:md5,ff0cdbba94d53d10d122a37eff75427f",
                "Non_weightedLogTransformed_HistogramReadlength.html:md5,4a0c9cd27ceb646323563b24a0c2bf3e",
                "WeightedHistogramReadlength.html:md5,e9bc9796a9bfefa2e354499cc05517db",
                "WeightedLogTransformed_HistogramReadlength.html:md5,166b391fe991a2306f47e4b3e3a9f609",
                "Yield_By_Length.html:md5,4408496158a78af135c4b2efbcf21905",
                "versions.yml:md5,cf772d577a3ff905a601a3ac66f76821",
                "LengthvsQualityScatterPlot_dot.html:md5,4ab8d0ef8c011daa3af172ffb19e0faa",
                "LengthvsQualityScatterPlot_kde.html:md5,40ad01d496c299241770398b21eb1514",
                "NanoPlot-report.html:md5,adbfc75a1a6e8cb4974dbd059b575b2e",
                "NanoStats.txt:md5,ae3d9d9d32616700f7e88720dc16128b",
                "Non_weightedHistogramReadlength.html:md5,c449bf3cbdff5e6d09ba3afe8b7fa36e",
                "Non_weightedLogTransformed_HistogramReadlength.html:md5,eba2a38b67693113125b1f4ff7854647",
                "WeightedHistogramReadlength.html:md5,649070f823d13920b8ad235666e6587b",
                "WeightedLogTransformed_HistogramReadlength.html:md5,b5546546d55aea2ebdc9ed89cd9b74b1",
                "Yield_By_Length.html:md5,45ac98419f84afcca2fb471592a45e4d",
                "versions.yml:md5,cf772d577a3ff905a601a3ac66f76821",
                "LengthvsQualityScatterPlot_dot.html:md5,c5d6d34ec35d05a54c23a1573fffa3e5",
                "LengthvsQualityScatterPlot_kde.html:md5,0165fba1986fb7f37682c600cc911143",
                "NanoPlot-report.html:md5,2564a5bca54e72509068d45e734e9ed7",
                "NanoStats.txt:md5,63ffe07cbc53e7bcb892dc4aea185818",
                "Non_weightedHistogramReadlength.html:md5,9e7c67dd7738dc40f51037938f59013e",
                "Non_weightedLogTransformed_HistogramReadlength.html:md5,9f4a18278bd21fe7be15329a94e1a319",
                "WeightedHistogramReadlength.html:md5,f0d6db0bff4addc5163e9084eea02031",
                "WeightedLogTransformed_HistogramReadlength.html:md5,3005c43ea74ceecb7c27d99542a1dd67",
                "Yield_By_Length.html:md5,30557e3f395b63c0f483c287e108cfe2",
                "versions.yml:md5,cf772d577a3ff905a601a3ac66f76821",
                "LengthvsQualityScatterPlot_dot.html:md5,63acbab1d86c5e28ea29311e8f63aee7",
                "LengthvsQualityScatterPlot_kde.html:md5,6f0986d1b5a688138fb76093c32b2668",
                "NanoPlot-report.html:md5,1883cba4a54d88ff607ab3b8c9d1250a",
                "NanoStats.txt:md5,5f1ed08ebdf5400e68586ea670494602",
                "Non_weightedHistogramReadlength.html:md5,b11a9e5f09021a006606dc517bc60f26",
                "Non_weightedLogTransformed_HistogramReadlength.html:md5,072c64eca003b161291e09986a29cb92",
                "WeightedHistogramReadlength.html:md5,3f40d9b0048bc8fe6910d20e6cb0bed5",
                "WeightedLogTransformed_HistogramReadlength.html:md5,8a20c9e5a3e2d290831cf7a25de2a2b1",
                "Yield_By_Length.html:md5,81499c05de6b036b49e0ba1d8a6ec9cb",
                "versions.yml:md5,cf772d577a3ff905a601a3ac66f76821",
                "class_asv_per_barcode.png:md5,5ef812391e4e36400aabec1d64090415",
                "order_asv_per_barcode.png:md5,fd9bbd4a0515e30846ac10efe0e164fd",
                "phylum_asv_per_barcode.png:md5,541410a7e90d71a07b586adfbda75b00",
                "reads_per_step.csv:md5,34f6e797d68f58083a64f5d8babc2372"
            ]
        ],
        "meta": {
            "nf-test": "0.9.3",
            "nextflow": "25.10.4"
        },
        "timestamp": "2026-07-15T14:15:08.212199"
    }
}