{
    "-profile test": {
        "content": [
            {
                "AMPLICON_SORTER": {
                    "amplicon_sorter": "2025-10-09T00:00:00+0000",
                    "biopython": 1.85,
                    "edlib": "1.3.9.post1",
                    "matplotlib": "3.10.3",
                    "python": "3.13.3"
                },
                "ASSIGN_TAXONOMY": {
                    "R": "4.3.2",
                    "argparse": "2.2.5",
                    "dplyr": "1.1.4",
                    "stringr": "1.5.1",
                    "taxonomizr": "0.11.1",
                    "tidyr": "1.3.1"
                },
                "BLAST_BLASTN": {
                    "blastn": "2.17.0+"
                },
                "BLAST_MAKEBLASTDB": {
                    "makeblastdb": "2.17.0+"
                },
                "COMMUNITY_MATRIX": {
                    "argparse": "2.3.1",
                    "dplyr": "1.2.1",
                    "tidyr": "1.3.2",
                    "vegan": "2.7.5"
                },
                "CUTADAPT_F": {
                    "cutadapt": 5.2
                },
                "CUTADAPT_R": {
                    "cutadapt": 5.2
                },
                "FIND_CONCATENATE": {
                    "coreutils": 9.4,
                    "find": "4.6.0",
                    "pigz": 2.8
                },
                "GUNZIP": {
                    "gunzip": 1.13
                },
                "MEDAKA": {
                    "medaka": "1.4.4"
                },
                "NANOFILT": {
                    "nanofilt": "2.8.0"
                },
                "NANOPLOT": {
                    "nanoplot": "1.46.1"
                },
                "PLOT_TAXONOMY": {
                    "R": "4.5.3",
                    "r-argparse": "2.3.1",
                    "r-dplyr": "1.2.1",
                    "r-ggplot2": "4.0.3",
                    "r-tidyr": "1.3.2"
                },
                "SEQKIT_AMPLICONS": {
                    "seqkit": "2.9.0"
                },
                "SEQKIT_CONSENSUS": {
                    "seqkit": "2.9.0"
                },
                "SEQKIT_REPLACE": {
                    "seqkit": "2.9.0"
                },
                "Workflow": {
                    "nf-core/nanoporemetabarcoding": "v1.0.0dev"
                }
            },
            [
                "assign_taxa",
                "assign_taxa/test",
                "assign_taxa/test/ASV_table_final.csv",
                "assign_taxa/test2",
                "assign_taxa/test2/ASV_table_final.csv",
                "blast",
                "blast/test.txt",
                "blast/test2.txt",
                "multiqc",
                "multiqc/multiqc_data",
                "multiqc/multiqc_data/llms-full.txt",
                "multiqc/multiqc_data/multiqc.log",
                "multiqc/multiqc_data/multiqc.parquet",
                "multiqc/multiqc_data/multiqc_citations.txt",
                "multiqc/multiqc_data/multiqc_data.json",
                "multiqc/multiqc_data/multiqc_general_stats.txt",
                "multiqc/multiqc_data/multiqc_nanostat.txt",
                "multiqc/multiqc_data/multiqc_software_versions.txt",
                "multiqc/multiqc_data/multiqc_sources.txt",
                "multiqc/multiqc_data/nanostat_fastq_stats_table.txt",
                "multiqc/multiqc_data/nanostat_quality_dist.txt",
                "multiqc/multiqc_plots",
                "multiqc/multiqc_plots/pdf",
                "multiqc/multiqc_plots/png",
                "multiqc/multiqc_plots/svg",
                "multiqc/multiqc_report.html",
                "nanoplot",
                "nanoplot/cleaned",
                "nanoplot/cleaned/test",
                "nanoplot/cleaned/test/LengthvsQualityScatterPlot_dot.html",
                "nanoplot/cleaned/test/LengthvsQualityScatterPlot_kde.html",
                "nanoplot/cleaned/test/NanoPlot-report.html",
                "nanoplot/cleaned/test/NanoStats.txt",
                "nanoplot/cleaned/test/Non_weightedHistogramReadlength.html",
                "nanoplot/cleaned/test/Non_weightedLogTransformed_HistogramReadlength.html",
                "nanoplot/cleaned/test/WeightedHistogramReadlength.html",
                "nanoplot/cleaned/test/WeightedLogTransformed_HistogramReadlength.html",
                "nanoplot/cleaned/test/Yield_By_Length.html",
                "nanoplot/cleaned/test/versions.yml",
                "nanoplot/cleaned/test2",
                "nanoplot/cleaned/test2/LengthvsQualityScatterPlot_dot.html",
                "nanoplot/cleaned/test2/LengthvsQualityScatterPlot_kde.html",
                "nanoplot/cleaned/test2/NanoPlot-report.html",
                "nanoplot/cleaned/test2/NanoStats.txt",
                "nanoplot/cleaned/test2/Non_weightedHistogramReadlength.html",
                "nanoplot/cleaned/test2/Non_weightedLogTransformed_HistogramReadlength.html",
                "nanoplot/cleaned/test2/WeightedHistogramReadlength.html",
                "nanoplot/cleaned/test2/WeightedLogTransformed_HistogramReadlength.html",
                "nanoplot/cleaned/test2/Yield_By_Length.html",
                "nanoplot/cleaned/test2/versions.yml",
                "nanoplot/demultiplexed",
                "nanoplot/demultiplexed/test",
                "nanoplot/demultiplexed/test/blank",
                "nanoplot/demultiplexed/test/blank/LengthvsQualityScatterPlot_dot.html",
                "nanoplot/demultiplexed/test/blank/LengthvsQualityScatterPlot_kde.html",
                "nanoplot/demultiplexed/test/blank/NanoPlot-report.html",
                "nanoplot/demultiplexed/test/blank/NanoStats.txt",
                "nanoplot/demultiplexed/test/blank/Non_weightedHistogramReadlength.html",
                "nanoplot/demultiplexed/test/blank/Non_weightedLogTransformed_HistogramReadlength.html",
                "nanoplot/demultiplexed/test/blank/WeightedHistogramReadlength.html",
                "nanoplot/demultiplexed/test/blank/WeightedLogTransformed_HistogramReadlength.html",
                "nanoplot/demultiplexed/test/blank/Yield_By_Length.html",
                "nanoplot/demultiplexed/test/blank/versions.yml",
                "nanoplot/demultiplexed/test/sample1",
                "nanoplot/demultiplexed/test/sample1/LengthvsQualityScatterPlot_dot.html",
                "nanoplot/demultiplexed/test/sample1/LengthvsQualityScatterPlot_kde.html",
                "nanoplot/demultiplexed/test/sample1/NanoPlot-report.html",
                "nanoplot/demultiplexed/test/sample1/NanoStats.txt",
                "nanoplot/demultiplexed/test/sample1/Non_weightedHistogramReadlength.html",
                "nanoplot/demultiplexed/test/sample1/Non_weightedLogTransformed_HistogramReadlength.html",
                "nanoplot/demultiplexed/test/sample1/WeightedHistogramReadlength.html",
                "nanoplot/demultiplexed/test/sample1/WeightedLogTransformed_HistogramReadlength.html",
                "nanoplot/demultiplexed/test/sample1/Yield_By_Length.html",
                "nanoplot/demultiplexed/test/sample1/versions.yml",
                "nanoplot/demultiplexed/test/sample2",
                "nanoplot/demultiplexed/test/sample2/LengthvsQualityScatterPlot_dot.html",
                "nanoplot/demultiplexed/test/sample2/LengthvsQualityScatterPlot_kde.html",
                "nanoplot/demultiplexed/test/sample2/NanoPlot-report.html",
                "nanoplot/demultiplexed/test/sample2/NanoStats.txt",
                "nanoplot/demultiplexed/test/sample2/Non_weightedHistogramReadlength.html",
                "nanoplot/demultiplexed/test/sample2/Non_weightedLogTransformed_HistogramReadlength.html",
                "nanoplot/demultiplexed/test/sample2/WeightedHistogramReadlength.html",
                "nanoplot/demultiplexed/test/sample2/WeightedLogTransformed_HistogramReadlength.html",
                "nanoplot/demultiplexed/test/sample2/Yield_By_Length.html",
                "nanoplot/demultiplexed/test/sample2/versions.yml",
                "nanoplot/demultiplexed/test/sample3",
                "nanoplot/demultiplexed/test/sample3/LengthvsQualityScatterPlot_dot.html",
                "nanoplot/demultiplexed/test/sample3/LengthvsQualityScatterPlot_kde.html",
                "nanoplot/demultiplexed/test/sample3/NanoPlot-report.html",
                "nanoplot/demultiplexed/test/sample3/NanoStats.txt",
                "nanoplot/demultiplexed/test/sample3/Non_weightedHistogramReadlength.html",
                "nanoplot/demultiplexed/test/sample3/Non_weightedLogTransformed_HistogramReadlength.html",
                "nanoplot/demultiplexed/test/sample3/WeightedHistogramReadlength.html",
                "nanoplot/demultiplexed/test/sample3/WeightedLogTransformed_HistogramReadlength.html",
                "nanoplot/demultiplexed/test/sample3/Yield_By_Length.html",
                "nanoplot/demultiplexed/test/sample3/versions.yml",
                "nanoplot/demultiplexed/test/sample4",
                "nanoplot/demultiplexed/test/sample4/LengthvsQualityScatterPlot_dot.html",
                "nanoplot/demultiplexed/test/sample4/LengthvsQualityScatterPlot_kde.html",
                "nanoplot/demultiplexed/test/sample4/NanoPlot-report.html",
                "nanoplot/demultiplexed/test/sample4/NanoStats.txt",
                "nanoplot/demultiplexed/test/sample4/Non_weightedHistogramReadlength.html",
                "nanoplot/demultiplexed/test/sample4/Non_weightedLogTransformed_HistogramReadlength.html",
                "nanoplot/demultiplexed/test/sample4/WeightedHistogramReadlength.html",
                "nanoplot/demultiplexed/test/sample4/WeightedLogTransformed_HistogramReadlength.html",
                "nanoplot/demultiplexed/test/sample4/Yield_By_Length.html",
                "nanoplot/demultiplexed/test/sample4/versions.yml",
                "nanoplot/demultiplexed/test/sample5",
                "nanoplot/demultiplexed/test/sample5/LengthvsQualityScatterPlot_dot.html",
                "nanoplot/demultiplexed/test/sample5/LengthvsQualityScatterPlot_kde.html",
                "nanoplot/demultiplexed/test/sample5/NanoPlot-report.html",
                "nanoplot/demultiplexed/test/sample5/NanoStats.txt",
                "nanoplot/demultiplexed/test/sample5/Non_weightedHistogramReadlength.html",
                "nanoplot/demultiplexed/test/sample5/Non_weightedLogTransformed_HistogramReadlength.html",
                "nanoplot/demultiplexed/test/sample5/WeightedHistogramReadlength.html",
                "nanoplot/demultiplexed/test/sample5/WeightedLogTransformed_HistogramReadlength.html",
                "nanoplot/demultiplexed/test/sample5/Yield_By_Length.html",
                "nanoplot/demultiplexed/test/sample5/versions.yml",
                "nanoplot/demultiplexed/test/sample6",
                "nanoplot/demultiplexed/test/sample6/LengthvsQualityScatterPlot_dot.html",
                "nanoplot/demultiplexed/test/sample6/LengthvsQualityScatterPlot_kde.html",
                "nanoplot/demultiplexed/test/sample6/NanoPlot-report.html",
                "nanoplot/demultiplexed/test/sample6/NanoStats.txt",
                "nanoplot/demultiplexed/test/sample6/Non_weightedHistogramReadlength.html",
                "nanoplot/demultiplexed/test/sample6/Non_weightedLogTransformed_HistogramReadlength.html",
                "nanoplot/demultiplexed/test/sample6/WeightedHistogramReadlength.html",
                "nanoplot/demultiplexed/test/sample6/WeightedLogTransformed_HistogramReadlength.html",
                "nanoplot/demultiplexed/test/sample6/Yield_By_Length.html",
                "nanoplot/demultiplexed/test/sample6/versions.yml",
                "nanoplot/demultiplexed/test/sample7",
                "nanoplot/demultiplexed/test/sample7/LengthvsQualityScatterPlot_dot.html",
                "nanoplot/demultiplexed/test/sample7/LengthvsQualityScatterPlot_kde.html",
                "nanoplot/demultiplexed/test/sample7/NanoPlot-report.html",
                "nanoplot/demultiplexed/test/sample7/NanoStats.txt",
                "nanoplot/demultiplexed/test/sample7/Non_weightedHistogramReadlength.html",
                "nanoplot/demultiplexed/test/sample7/Non_weightedLogTransformed_HistogramReadlength.html",
                "nanoplot/demultiplexed/test/sample7/WeightedHistogramReadlength.html",
                "nanoplot/demultiplexed/test/sample7/WeightedLogTransformed_HistogramReadlength.html",
                "nanoplot/demultiplexed/test/sample7/Yield_By_Length.html",
                "nanoplot/demultiplexed/test/sample7/versions.yml",
                "nanoplot/demultiplexed/test2",
                "nanoplot/demultiplexed/test2/blank",
                "nanoplot/demultiplexed/test2/blank/LengthvsQualityScatterPlot_dot.html",
                "nanoplot/demultiplexed/test2/blank/LengthvsQualityScatterPlot_kde.html",
                "nanoplot/demultiplexed/test2/blank/NanoPlot-report.html",
                "nanoplot/demultiplexed/test2/blank/NanoStats.txt",
                "nanoplot/demultiplexed/test2/blank/Non_weightedHistogramReadlength.html",
                "nanoplot/demultiplexed/test2/blank/Non_weightedLogTransformed_HistogramReadlength.html",
                "nanoplot/demultiplexed/test2/blank/WeightedHistogramReadlength.html",
                "nanoplot/demultiplexed/test2/blank/WeightedLogTransformed_HistogramReadlength.html",
                "nanoplot/demultiplexed/test2/blank/Yield_By_Length.html",
                "nanoplot/demultiplexed/test2/blank/versions.yml",
                "nanoplot/demultiplexed/test2/sample1",
                "nanoplot/demultiplexed/test2/sample1/LengthvsQualityScatterPlot_dot.html",
                "nanoplot/demultiplexed/test2/sample1/LengthvsQualityScatterPlot_kde.html",
                "nanoplot/demultiplexed/test2/sample1/NanoPlot-report.html",
                "nanoplot/demultiplexed/test2/sample1/NanoStats.txt",
                "nanoplot/demultiplexed/test2/sample1/Non_weightedHistogramReadlength.html",
                "nanoplot/demultiplexed/test2/sample1/Non_weightedLogTransformed_HistogramReadlength.html",
                "nanoplot/demultiplexed/test2/sample1/WeightedHistogramReadlength.html",
                "nanoplot/demultiplexed/test2/sample1/WeightedLogTransformed_HistogramReadlength.html",
                "nanoplot/demultiplexed/test2/sample1/Yield_By_Length.html",
                "nanoplot/demultiplexed/test2/sample1/versions.yml",
                "nanoplot/demultiplexed/test2/sample2",
                "nanoplot/demultiplexed/test2/sample2/LengthvsQualityScatterPlot_dot.html",
                "nanoplot/demultiplexed/test2/sample2/LengthvsQualityScatterPlot_kde.html",
                "nanoplot/demultiplexed/test2/sample2/NanoPlot-report.html",
                "nanoplot/demultiplexed/test2/sample2/NanoStats.txt",
                "nanoplot/demultiplexed/test2/sample2/Non_weightedHistogramReadlength.html",
                "nanoplot/demultiplexed/test2/sample2/Non_weightedLogTransformed_HistogramReadlength.html",
                "nanoplot/demultiplexed/test2/sample2/WeightedHistogramReadlength.html",
                "nanoplot/demultiplexed/test2/sample2/WeightedLogTransformed_HistogramReadlength.html",
                "nanoplot/demultiplexed/test2/sample2/Yield_By_Length.html",
                "nanoplot/demultiplexed/test2/sample2/versions.yml",
                "nanoplot/demultiplexed/test2/sample3",
                "nanoplot/demultiplexed/test2/sample3/LengthvsQualityScatterPlot_dot.html",
                "nanoplot/demultiplexed/test2/sample3/LengthvsQualityScatterPlot_kde.html",
                "nanoplot/demultiplexed/test2/sample3/NanoPlot-report.html",
                "nanoplot/demultiplexed/test2/sample3/NanoStats.txt",
                "nanoplot/demultiplexed/test2/sample3/Non_weightedHistogramReadlength.html",
                "nanoplot/demultiplexed/test2/sample3/Non_weightedLogTransformed_HistogramReadlength.html",
                "nanoplot/demultiplexed/test2/sample3/WeightedHistogramReadlength.html",
                "nanoplot/demultiplexed/test2/sample3/WeightedLogTransformed_HistogramReadlength.html",
                "nanoplot/demultiplexed/test2/sample3/Yield_By_Length.html",
                "nanoplot/demultiplexed/test2/sample3/versions.yml",
                "nanoplot/demultiplexed/test2/sample4",
                "nanoplot/demultiplexed/test2/sample4/LengthvsQualityScatterPlot_dot.html",
                "nanoplot/demultiplexed/test2/sample4/LengthvsQualityScatterPlot_kde.html",
                "nanoplot/demultiplexed/test2/sample4/NanoPlot-report.html",
                "nanoplot/demultiplexed/test2/sample4/NanoStats.txt",
                "nanoplot/demultiplexed/test2/sample4/Non_weightedHistogramReadlength.html",
                "nanoplot/demultiplexed/test2/sample4/Non_weightedLogTransformed_HistogramReadlength.html",
                "nanoplot/demultiplexed/test2/sample4/WeightedHistogramReadlength.html",
                "nanoplot/demultiplexed/test2/sample4/WeightedLogTransformed_HistogramReadlength.html",
                "nanoplot/demultiplexed/test2/sample4/Yield_By_Length.html",
                "nanoplot/demultiplexed/test2/sample4/versions.yml",
                "nanoplot/demultiplexed/test2/sample5",
                "nanoplot/demultiplexed/test2/sample5/LengthvsQualityScatterPlot_dot.html",
                "nanoplot/demultiplexed/test2/sample5/LengthvsQualityScatterPlot_kde.html",
                "nanoplot/demultiplexed/test2/sample5/NanoPlot-report.html",
                "nanoplot/demultiplexed/test2/sample5/NanoStats.txt",
                "nanoplot/demultiplexed/test2/sample5/Non_weightedHistogramReadlength.html",
                "nanoplot/demultiplexed/test2/sample5/Non_weightedLogTransformed_HistogramReadlength.html",
                "nanoplot/demultiplexed/test2/sample5/WeightedHistogramReadlength.html",
                "nanoplot/demultiplexed/test2/sample5/WeightedLogTransformed_HistogramReadlength.html",
                "nanoplot/demultiplexed/test2/sample5/Yield_By_Length.html",
                "nanoplot/demultiplexed/test2/sample5/versions.yml",
                "nanoplot/demultiplexed/test2/sample6",
                "nanoplot/demultiplexed/test2/sample6/LengthvsQualityScatterPlot_dot.html",
                "nanoplot/demultiplexed/test2/sample6/LengthvsQualityScatterPlot_kde.html",
                "nanoplot/demultiplexed/test2/sample6/NanoPlot-report.html",
                "nanoplot/demultiplexed/test2/sample6/NanoStats.txt",
                "nanoplot/demultiplexed/test2/sample6/Non_weightedHistogramReadlength.html",
                "nanoplot/demultiplexed/test2/sample6/Non_weightedLogTransformed_HistogramReadlength.html",
                "nanoplot/demultiplexed/test2/sample6/WeightedHistogramReadlength.html",
                "nanoplot/demultiplexed/test2/sample6/WeightedLogTransformed_HistogramReadlength.html",
                "nanoplot/demultiplexed/test2/sample6/Yield_By_Length.html",
                "nanoplot/demultiplexed/test2/sample6/versions.yml",
                "nanoplot/demultiplexed/test2/sample7",
                "nanoplot/demultiplexed/test2/sample7/LengthvsQualityScatterPlot_dot.html",
                "nanoplot/demultiplexed/test2/sample7/LengthvsQualityScatterPlot_kde.html",
                "nanoplot/demultiplexed/test2/sample7/NanoPlot-report.html",
                "nanoplot/demultiplexed/test2/sample7/NanoStats.txt",
                "nanoplot/demultiplexed/test2/sample7/Non_weightedHistogramReadlength.html",
                "nanoplot/demultiplexed/test2/sample7/Non_weightedLogTransformed_HistogramReadlength.html",
                "nanoplot/demultiplexed/test2/sample7/WeightedHistogramReadlength.html",
                "nanoplot/demultiplexed/test2/sample7/WeightedLogTransformed_HistogramReadlength.html",
                "nanoplot/demultiplexed/test2/sample7/Yield_By_Length.html",
                "nanoplot/demultiplexed/test2/sample7/versions.yml",
                "nanoplot/raw",
                "nanoplot/raw/test",
                "nanoplot/raw/test/LengthvsQualityScatterPlot_dot.html",
                "nanoplot/raw/test/LengthvsQualityScatterPlot_kde.html",
                "nanoplot/raw/test/NanoPlot-report.html",
                "nanoplot/raw/test/NanoStats.txt",
                "nanoplot/raw/test/Non_weightedHistogramReadlength.html",
                "nanoplot/raw/test/Non_weightedLogTransformed_HistogramReadlength.html",
                "nanoplot/raw/test/WeightedHistogramReadlength.html",
                "nanoplot/raw/test/WeightedLogTransformed_HistogramReadlength.html",
                "nanoplot/raw/test/Yield_By_Length.html",
                "nanoplot/raw/test/versions.yml",
                "nanoplot/raw/test2",
                "nanoplot/raw/test2/LengthvsQualityScatterPlot_dot.html",
                "nanoplot/raw/test2/LengthvsQualityScatterPlot_kde.html",
                "nanoplot/raw/test2/NanoPlot-report.html",
                "nanoplot/raw/test2/NanoStats.txt",
                "nanoplot/raw/test2/Non_weightedHistogramReadlength.html",
                "nanoplot/raw/test2/Non_weightedLogTransformed_HistogramReadlength.html",
                "nanoplot/raw/test2/WeightedHistogramReadlength.html",
                "nanoplot/raw/test2/WeightedLogTransformed_HistogramReadlength.html",
                "nanoplot/raw/test2/Yield_By_Length.html",
                "nanoplot/raw/test2/versions.yml",
                "pipeline_info",
                "pipeline_info/nf_core_nanoporemetabarcoding_software_mqc_versions.yml",
                "plots",
                "plots/proportion",
                "plots/proportion/class_asv_per_barcode.png",
                "plots/proportion/order_asv_per_barcode.png",
                "plots/proportion/phylum_asv_per_barcode.png",
                "reads_per_step",
                "reads_per_step/reads_per_step.csv"
            ],
            [
                "ASV_table_final.csv:md5,80149954703c46ff0a36c770bc4b2a0b",
                "ASV_table_final.csv:md5,1b57b0d290ba2fe62d9d7778218f57a7",
                "test.txt:md5,c7dbbd2dca3906e6400054fb3a507280",
                "test2.txt:md5,451afca74330a1b46e596e3bc804a5dd",
                "multiqc_citations.txt:md5,613fb67692e408c8225369c2081ff8b9",
                "multiqc_general_stats.txt:md5,36806c30eb8cfc50b3ac7335e30e04af",
                "multiqc_nanostat.txt:md5,df5b79baa01c52ce0ee87bfd6187d504",
                "nanostat_fastq_stats_table.txt:md5,69dcc4b9c7c670755086370366779fc0",
                "nanostat_quality_dist.txt:md5,27b003b968fc89244e4cdf870224d413",
                "NanoStats.txt:md5,561a80276df22e04e5642090a6452779",
                "versions.yml:md5,cf772d577a3ff905a601a3ac66f76821",
                "NanoStats.txt:md5,fbccd2574c09a0fb10daa68ac9f06544",
                "versions.yml:md5,cf772d577a3ff905a601a3ac66f76821",
                "NanoStats.txt:md5,f6d96dc147b9c2083a21540f93677188",
                "versions.yml:md5,cf772d577a3ff905a601a3ac66f76821",
                "NanoStats.txt:md5,00a1eab63f773eee34bb1c3f3b0c7fd1",
                "versions.yml:md5,cf772d577a3ff905a601a3ac66f76821",
                "NanoStats.txt:md5,984d64ed94dbbdbe93acea40c5347102",
                "versions.yml:md5,cf772d577a3ff905a601a3ac66f76821",
                "NanoStats.txt:md5,5b591a39b690d496e8000d2e738a1af7",
                "versions.yml:md5,cf772d577a3ff905a601a3ac66f76821",
                "NanoStats.txt:md5,b3be298d97d8f0b2e0ebb4e52d42af63",
                "versions.yml:md5,cf772d577a3ff905a601a3ac66f76821",
                "NanoStats.txt:md5,e7869c5ac8b2b38e0882105bd8fc2cb7",
                "versions.yml:md5,cf772d577a3ff905a601a3ac66f76821",
                "NanoStats.txt:md5,d76ea47e7aa8b8ae184277723c4ed990",
                "versions.yml:md5,cf772d577a3ff905a601a3ac66f76821",
                "NanoStats.txt:md5,25e62f6a7204e12d92be6a4651f649bb",
                "versions.yml:md5,cf772d577a3ff905a601a3ac66f76821",
                "NanoStats.txt:md5,1f72a3563e2c87b05a99a1dd3cffb96e",
                "versions.yml:md5,cf772d577a3ff905a601a3ac66f76821",
                "NanoStats.txt:md5,14192a0ee5ec50ec30d5b1dffe849c68",
                "versions.yml:md5,cf772d577a3ff905a601a3ac66f76821",
                "NanoStats.txt:md5,bf5544d373e3d5ad00e9266bd11eaed1",
                "versions.yml:md5,cf772d577a3ff905a601a3ac66f76821",
                "NanoStats.txt:md5,a854b0aee1a3ad422d1d92ac068dc291",
                "versions.yml:md5,cf772d577a3ff905a601a3ac66f76821",
                "NanoStats.txt:md5,9c84399ffe61decb836feb835d54cf96",
                "versions.yml:md5,cf772d577a3ff905a601a3ac66f76821",
                "NanoStats.txt:md5,ae3d9d9d32616700f7e88720dc16128b",
                "versions.yml:md5,cf772d577a3ff905a601a3ac66f76821",
                "NanoStats.txt:md5,2ad403991559e4e57839f865fd60b38b",
                "versions.yml:md5,cf772d577a3ff905a601a3ac66f76821",
                "NanoStats.txt:md5,5f1ed08ebdf5400e68586ea670494602",
                "versions.yml:md5,cf772d577a3ff905a601a3ac66f76821",
                "NanoStats.txt:md5,6b049a2ad198a6edd3282c887505911f",
                "versions.yml:md5,cf772d577a3ff905a601a3ac66f76821",
                "NanoStats.txt:md5,24acf2f65fc061df3de10ec202e988e8",
                "versions.yml:md5,cf772d577a3ff905a601a3ac66f76821",
                "class_asv_per_barcode.png:md5,c3118b32ca95eb208c192cb4efe1e9d0",
                "order_asv_per_barcode.png:md5,987e5697b16d78de98dbb8bf790101e1",
                "phylum_asv_per_barcode.png:md5,df0a4916fec7d399a845213898fc5c31",
                "reads_per_step.csv:md5,ea1d4f6726446416a7e683f2ca8f4386"
            ]
        ],
        "timestamp": "2026-09-03T16:31:07.59122",
        "meta": {
            "nf-test": "0.9.5",
            "nextflow": "26.04.6"
        }
    }
}